<html>
<body>
<pre>
<h1>µVision Build Log</h1>
<h2>Tool Versions:</h2>
IDE-Version: ¦ÌVision V5.31.0.0
Copyright (C) 2020 ARM Ltd and ARM Germany GmbH. All rights reserved.
License Information: 1 1, 1, LIC=TIVNB-2J2M8-FWJ2N-YI4J7-GJ9CX-UW6U3
 
Tool Versions:
Toolchain:       MDK-ARM Plus  Version: 5.31.0.0
Toolchain Path:  D:\Keil_v5\ARM\ARMCC\Bin
C Compiler:      Armcc.exe V5.06 update 6 (build 750)
Assembler:       Armasm.exe V5.06 update 6 (build 750)
Linker/Locator:  ArmLink.exe V5.06 update 6 (build 750)
Library Manager: ArmAr.exe V5.06 update 6 (build 750)
Hex Converter:   FromElf.exe V5.06 update 6 (build 750)
CPU DLL:         SARMCM3.DLL V5.31.0.0
Dialog DLL:      DCM.DLL V1.17.3.0
Target DLL:      STLink\ST-LINKIII-KEIL_SWO.dll V3.0.7.0
Dialog DLL:      TCM.DLL V1.46.0.0
 
<h2>Project:</h2>
E:\STM32\STM32F4xx_BabyOS\Projects\STM32F4-Discovery\Demonstrations\MDK-ARM\Project.uvprojx
Project File Date:  07/07/2024

<h2>Output:</h2>
*** Using Compiler 'V5.06 update 6 (build 750)', folder: 'D:\Keil_v5\ARM\ARMCC\Bin'
Build target 'STM32F4-DISCO'
assembling startup_stm32f407xx.s...
compiling lis3dsh.c...
compiling lis302dl.c...
compiling stm32f4xx_hal_hash.c...
compiling stm32f4xx_hal_sram.c...
compiling stm32f4xx_hal_pccard.c...
compiling stm32f4xx_ll_sdmmc.c...
compiling stm32f4xx_hal_dma.c...
compiling stm32f4xx_hal_cortex.c...
compiling stm32f4xx_hal_i2c.c...
compiling stm32f4xx_hal_usart.c...
compiling stm32f4xx_hal_irda.c...
compiling stm32f4xx_hal_adc.c...
compiling stm32f4xx_hal_gpio.c...
compiling stm32f4xx_hal_rtc.c...
compiling stm32f4xx_hal_pcd_ex.c...
compiling stm32f4xx_hal_can.c...
compiling stm32f4xx_hal_dcmi.c...
compiling stm32f4xx_hal_uart.c...
compiling stm32f4xx_hal_nand.c...
compiling stm32f4xx_ll_fsmc.c...
compiling stm32f4xx_hal_rng.c...
compiling stm32f4xx_hal_dac.c...
compiling stm32f4xx_hal_pcd.c...
compiling stm32f4xx_hal_tim.c...
compiling stm32f4xx_hal_smartcard.c...
compiling stm32f4xx_hal_crc.c...
compiling stm32f4xx_hal_hcd.c...
compiling stm32f4xx_hal_pwr.c...
compiling stm32f4xx_ll_usb.c...
compiling stm32f4xx_hal_eth.c...
compiling stm32f4xx_hal_cryp.c...
compiling stm32f4xx_hal_tim_ex.c...
compiling stm32f4xx_hal_flash_ex.c...
compiling stm32f4xx_hal_nor.c...
compiling stm32f4xx_hal_spi.c...
compiling usbd_core.c...
compiling stm32f4xx_hal_rcc.c...
compiling stm32f4xx_hal_iwdg.c...
compiling usbd_ctlreq.c...
compiling stm32f4xx_hal_i2s.c...
compiling stm32f4xx_hal.c...
compiling stm32f4xx_hal_wwdg.c...
compiling stm32f4xx_hal_sd.c...
compiling stm32f4xx_hal_flash.c...
compiling stm32f4_discovery_accelerometer.c...
compiling stm32f4_discovery.c...
compiling usbd_desc.c...
compiling system_stm32f4xx.c...
compiling usbd_ioreq.c...
compiling stm32f4xx_it.c...
compiling usbd_hid.c...
compiling usbd_conf.c...
compiling main.c...
compiling stm32f4xx_hal_msp.c...
linking...
Program Size: Code=18220 RO-data=452 RW-data=436 ZI-data=4052  
"STM32F4-DISCO\Exe\STM32F4_DISCO.axf" - 0 Error(s), 0 Warning(s).

<h2>Software Packages used:</h2>

Package Vendor: ARM
                http://www.keil.com/pack/ARM.CMSIS.5.7.0.pack
                ARM.CMSIS.5.7.0
                CMSIS (Cortex Microcontroller Software Interface Standard)
   * Component: CORE Version: 5.4.0

Package Vendor: Keil
                https://www.keil.com/pack/Keil.STM32F4xx_DFP.2.17.1.pack
                Keil.STM32F4xx_DFP.2.17.1
                STMicroelectronics STM32F4 Series Device Support, Drivers and Examples

<h2>Collection of Component include folders:</h2>
  .\RTE\_STM32F4-DISCO
  D:\Keil_v5\ARM\PACK\ARM\CMSIS\5.7.0\CMSIS\Core\Include
  D:\Keil_v5\ARM\PACK\Keil\STM32F4xx_DFP\2.17.1\Drivers\CMSIS\Device\ST\STM32F4xx\Include

<h2>Collection of Component Files used:</h2>

   * Component: ARM::CMSIS:CORE:5.4.0
Build Time Elapsed:  00:00:34
</pre>
</body>
</html>
