Component: ARM Compiler 5.06 update 6 (build 750) Tool: armlink [4d35ed]

==============================================================================

Section Cross References

    startup_stm32f407xx.o(RESET) refers to startup_stm32f407xx.o(STACK) for __initial_sp
    startup_stm32f407xx.o(RESET) refers to startup_stm32f407xx.o(.text) for Reset_Handler
    startup_stm32f407xx.o(RESET) refers to stm32f4xx_it.o(i.NMI_Handler) for NMI_Handler
    startup_stm32f407xx.o(RESET) refers to stm32f4xx_it.o(i.HardFault_Handler) for HardFault_Handler
    startup_stm32f407xx.o(RESET) refers to stm32f4xx_it.o(i.MemManage_Handler) for MemManage_Handler
    startup_stm32f407xx.o(RESET) refers to stm32f4xx_it.o(i.BusFault_Handler) for BusFault_Handler
    startup_stm32f407xx.o(RESET) refers to stm32f4xx_it.o(i.UsageFault_Handler) for UsageFault_Handler
    startup_stm32f407xx.o(RESET) refers to stm32f4xx_it.o(i.SVC_Handler) for SVC_Handler
    startup_stm32f407xx.o(RESET) refers to stm32f4xx_it.o(i.DebugMon_Handler) for DebugMon_Handler
    startup_stm32f407xx.o(RESET) refers to stm32f4xx_it.o(i.PendSV_Handler) for PendSV_Handler
    startup_stm32f407xx.o(RESET) refers to stm32f4xx_it.o(i.SysTick_Handler) for SysTick_Handler
    startup_stm32f407xx.o(RESET) refers to stm32f4xx_it.o(i.EXTI0_IRQHandler) for EXTI0_IRQHandler
    startup_stm32f407xx.o(RESET) refers to stm32f4xx_it.o(i.OTG_FS_IRQHandler) for OTG_FS_IRQHandler
    startup_stm32f407xx.o(.text) refers to system_stm32f4xx.o(i.SystemInit) for SystemInit
    startup_stm32f407xx.o(.text) refers to entry.o(.ARM.Collect$$$$00000000) for __main
    lis3dsh.o(i.LIS3DSH_Click_IntConfig) refers to stm32f4_discovery.o(i.ACCELERO_IO_ITConfig) for ACCELERO_IO_ITConfig
    lis3dsh.o(i.LIS3DSH_Click_IntConfig) refers to lis3dsh.o(i.LIS3DSH_InterruptConfig) for LIS3DSH_InterruptConfig
    lis3dsh.o(i.LIS3DSH_Click_IntConfig) refers to stm32f4_discovery.o(i.ACCELERO_IO_Write) for ACCELERO_IO_Write
    lis3dsh.o(i.LIS3DSH_DataRateCmd) refers to stm32f4_discovery.o(i.ACCELERO_IO_Read) for ACCELERO_IO_Read
    lis3dsh.o(i.LIS3DSH_DataRateCmd) refers to stm32f4_discovery.o(i.ACCELERO_IO_Write) for ACCELERO_IO_Write
    lis3dsh.o(i.LIS3DSH_FullScaleCmd) refers to stm32f4_discovery.o(i.ACCELERO_IO_Read) for ACCELERO_IO_Read
    lis3dsh.o(i.LIS3DSH_FullScaleCmd) refers to stm32f4_discovery.o(i.ACCELERO_IO_Write) for ACCELERO_IO_Write
    lis3dsh.o(i.LIS3DSH_Init) refers to stm32f4_discovery.o(i.ACCELERO_IO_Init) for ACCELERO_IO_Init
    lis3dsh.o(i.LIS3DSH_Init) refers to stm32f4_discovery.o(i.ACCELERO_IO_Write) for ACCELERO_IO_Write
    lis3dsh.o(i.LIS3DSH_InterruptConfig) refers to stm32f4_discovery.o(i.ACCELERO_IO_Write) for ACCELERO_IO_Write
    lis3dsh.o(i.LIS3DSH_ODR_LowpowerCmd) refers to stm32f4_discovery.o(i.ACCELERO_IO_Read) for ACCELERO_IO_Read
    lis3dsh.o(i.LIS3DSH_ODR_LowpowerCmd) refers to stm32f4_discovery.o(i.ACCELERO_IO_Write) for ACCELERO_IO_Write
    lis3dsh.o(i.LIS3DSH_ReadACC) refers to stm32f4_discovery.o(i.ACCELERO_IO_Read) for ACCELERO_IO_Read
    lis3dsh.o(i.LIS3DSH_ReadID) refers to stm32f4_discovery.o(i.ACCELERO_IO_Init) for ACCELERO_IO_Init
    lis3dsh.o(i.LIS3DSH_ReadID) refers to stm32f4_discovery.o(i.ACCELERO_IO_Read) for ACCELERO_IO_Read
    lis3dsh.o(i.LIS3DSH_RebootCmd) refers to stm32f4_discovery.o(i.ACCELERO_IO_Read) for ACCELERO_IO_Read
    lis3dsh.o(i.LIS3DSH_RebootCmd) refers to stm32f4_discovery.o(i.ACCELERO_IO_Write) for ACCELERO_IO_Write
    lis3dsh.o(.data) refers to lis3dsh.o(i.LIS3DSH_Init) for LIS3DSH_Init
    lis3dsh.o(.data) refers to lis3dsh.o(i.LIS3DSH_DeInit) for LIS3DSH_DeInit
    lis3dsh.o(.data) refers to lis3dsh.o(i.LIS3DSH_ReadID) for LIS3DSH_ReadID
    lis3dsh.o(.data) refers to lis3dsh.o(i.LIS3DSH_RebootCmd) for LIS3DSH_RebootCmd
    lis3dsh.o(.data) refers to lis3dsh.o(i.LIS3DSH_Click_IntConfig) for LIS3DSH_Click_IntConfig
    lis3dsh.o(.data) refers to lis3dsh.o(i.LIS3DSH_ReadACC) for LIS3DSH_ReadACC
    lis302dl.o(i.LIS302DL_Click_IntClear) refers to stm32f4_discovery.o(i.ACCELERO_IO_Read) for ACCELERO_IO_Read
    lis302dl.o(i.LIS302DL_Click_IntConfig) refers to stm32f4_discovery.o(i.ACCELERO_IO_ITConfig) for ACCELERO_IO_ITConfig
    lis302dl.o(i.LIS302DL_Click_IntConfig) refers to lis302dl.o(i.LIS302DL_InterruptConfig) for LIS302DL_InterruptConfig
    lis302dl.o(i.LIS302DL_Click_IntConfig) refers to stm32f4_discovery.o(i.ACCELERO_IO_Write) for ACCELERO_IO_Write
    lis302dl.o(i.LIS302DL_DataRateCmd) refers to stm32f4_discovery.o(i.ACCELERO_IO_Read) for ACCELERO_IO_Read
    lis302dl.o(i.LIS302DL_DataRateCmd) refers to stm32f4_discovery.o(i.ACCELERO_IO_Write) for ACCELERO_IO_Write
    lis302dl.o(i.LIS302DL_FilterConfig) refers to stm32f4_discovery.o(i.ACCELERO_IO_Read) for ACCELERO_IO_Read
    lis302dl.o(i.LIS302DL_FilterConfig) refers to stm32f4_discovery.o(i.ACCELERO_IO_Write) for ACCELERO_IO_Write
    lis302dl.o(i.LIS302DL_FullScaleCmd) refers to stm32f4_discovery.o(i.ACCELERO_IO_Read) for ACCELERO_IO_Read
[...]
    i.HAL_TIM_PWM_Init                       0x080020a4   Section        0  stm32f4xx_hal_tim.o(i.HAL_TIM_PWM_Init)
    i.HAL_TIM_PWM_MspDeInit                  0x08002100   Section        0  stm32f4xx_hal_msp.o(i.HAL_TIM_PWM_MspDeInit)
    i.HAL_TIM_PWM_MspInit                    0x08002118   Section        0  stm32f4xx_hal_msp.o(i.HAL_TIM_PWM_MspInit)
    i.HAL_TIM_PWM_Start                      0x0800216c   Section        0  stm32f4xx_hal_tim.o(i.HAL_TIM_PWM_Start)
    i.HAL_TIM_PWM_Stop                       0x08002234   Section        0  stm32f4xx_hal_tim.o(i.HAL_TIM_PWM_Stop)
    i.HardFault_Handler                      0x080022b0   Section        0  stm32f4xx_it.o(i.HardFault_Handler)
    i.LIS302DL_Click_IntClear                0x080022b2   Section        0  lis302dl.o(i.LIS302DL_Click_IntClear)
    i.LIS302DL_Click_IntConfig               0x080022d0   Section        0  lis302dl.o(i.LIS302DL_Click_IntConfig)
    i.LIS302DL_DeInit                        0x08002374   Section        0  lis302dl.o(i.LIS302DL_DeInit)
    i.LIS302DL_FilterConfig                  0x08002376   Section        0  lis302dl.o(i.LIS302DL_FilterConfig)
    i.LIS302DL_Init                          0x080023a4   Section        0  lis302dl.o(i.LIS302DL_Init)
    i.LIS302DL_InterruptConfig               0x080023c2   Section        0  lis302dl.o(i.LIS302DL_InterruptConfig)
    i.LIS302DL_ReadACC                       0x080023f0   Section        0  lis302dl.o(i.LIS302DL_ReadACC)
    i.LIS302DL_ReadID                        0x08002458   Section        0  lis302dl.o(i.LIS302DL_ReadID)
    i.LIS302DL_RebootCmd                     0x08002474   Section        0  lis302dl.o(i.LIS302DL_RebootCmd)
    i.LIS3DSH_Click_IntConfig                0x08002498   Section        0  lis3dsh.o(i.LIS3DSH_Click_IntConfig)
    i.LIS3DSH_DeInit                         0x0800256a   Section        0  lis3dsh.o(i.LIS3DSH_DeInit)
    i.LIS3DSH_Init                           0x0800256c   Section        0  lis3dsh.o(i.LIS3DSH_Init)
    i.LIS3DSH_InterruptConfig                0x0800259a   Section        0  lis3dsh.o(i.LIS3DSH_InterruptConfig)
    i.LIS3DSH_ReadACC                        0x080025e8   Section        0  lis3dsh.o(i.LIS3DSH_ReadACC)
    i.LIS3DSH_ReadID                         0x080026c4   Section        0  lis3dsh.o(i.LIS3DSH_ReadID)
    i.LIS3DSH_RebootCmd                      0x080026e0   Section        0  lis3dsh.o(i.LIS3DSH_RebootCmd)
    i.MemManage_Handler                      0x08002704   Section        0  stm32f4xx_it.o(i.MemManage_Handler)
    i.NMI_Handler                            0x08002706   Section        0  stm32f4xx_it.o(i.NMI_Handler)
    i.OTG_FS_IRQHandler                      0x08002708   Section        0  stm32f4xx_it.o(i.OTG_FS_IRQHandler)
    i.PCD_EP_OutXfrComplete_int              0x08002714   Section        0  stm32f4xx_hal_pcd.o(i.PCD_EP_OutXfrComplete_int)
    PCD_EP_OutXfrComplete_int                0x08002715   Thumb Code   196  stm32f4xx_hal_pcd.o(i.PCD_EP_OutXfrComplete_int)
    i.PCD_WriteEmptyTxFifo                   0x080027e0   Section        0  stm32f4xx_hal_pcd.o(i.PCD_WriteEmptyTxFifo)
    PCD_WriteEmptyTxFifo                     0x080027e1   Thumb Code   162  stm32f4xx_hal_pcd.o(i.PCD_WriteEmptyTxFifo)
    i.PendSV_Handler                         0x08002882   Section        0  stm32f4xx_it.o(i.PendSV_Handler)
    i.SPI_EndRxTxTransaction                 0x08002884   Section        0  stm32f4xx_hal_spi.o(i.SPI_EndRxTxTransaction)
    SPI_EndRxTxTransaction                   0x08002885   Thumb Code    98  stm32f4xx_hal_spi.o(i.SPI_EndRxTxTransaction)
    i.SPI_WaitFlagStateUntilTimeout          0x080028f0   Section        0  stm32f4xx_hal_spi.o(i.SPI_WaitFlagStateUntilTimeout)
    SPI_WaitFlagStateUntilTimeout            0x080028f1   Thumb Code   180  stm32f4xx_hal_spi.o(i.SPI_WaitFlagStateUntilTimeout)
    i.SPIx_Init                              0x080029a8   Section        0  stm32f4_discovery.o(i.SPIx_Init)
    SPIx_Init                                0x080029a9   Thumb Code   136  stm32f4_discovery.o(i.SPIx_Init)
    i.SPIx_WriteRead                         0x08002a40   Section        0  stm32f4_discovery.o(i.SPIx_WriteRead)
    SPIx_WriteRead                           0x08002a41   Thumb Code    46  stm32f4_discovery.o(i.SPIx_WriteRead)
    i.SVC_Handler                            0x08002a78   Section        0  stm32f4xx_it.o(i.SVC_Handler)
    i.SWAPBYTE                               0x08002a7a   Section        0  usbd_ctlreq.o(i.SWAPBYTE)
    SWAPBYTE                                 0x08002a7b   Thumb Code    10  usbd_ctlreq.o(i.SWAPBYTE)
    i.SysTick_Handler                        0x08002a84   Section        0  stm32f4xx_it.o(i.SysTick_Handler)
    i.SystemClock_Config                     0x08002a94   Section        0  main.o(i.SystemClock_Config)
    SystemClock_Config                       0x08002a95   Thumb Code   128  main.o(i.SystemClock_Config)
    i.SystemInit                             0x08002b20   Section        0  system_stm32f4xx.o(i.SystemInit)
    i.TIM4_Config                            0x08002b74   Section        0  main.o(i.TIM4_Config)
    TIM4_Config                              0x08002b75   Thumb Code   130  main.o(i.TIM4_Config)
    i.TIM_Base_SetConfig                     0x08002c08   Section        0  stm32f4xx_hal_tim.o(i.TIM_Base_SetConfig)
    i.TIM_CCxChannelCmd                      0x08002ce0   Section        0  stm32f4xx_hal_tim.o(i.TIM_CCxChannelCmd)
    i.TIM_OC1_SetConfig                      0x08002cfc   Section        0  stm32f4xx_hal_tim.o(i.TIM_OC1_SetConfig)
    TIM_OC1_SetConfig                        0x08002cfd   Thumb Code    88  stm32f4xx_hal_tim.o(i.TIM_OC1_SetConfig)
    i.TIM_OC2_SetConfig                      0x08002d5c   Section        0  stm32f4xx_hal_tim.o(i.TIM_OC2_SetConfig)
    i.TIM_OC3_SetConfig                      0x08002dc8   Section        0  stm32f4xx_hal_tim.o(i.TIM_OC3_SetConfig)
    TIM_OC3_SetConfig                        0x08002dc9   Thumb Code    96  stm32f4xx_hal_tim.o(i.TIM_OC3_SetConfig)
    i.TIM_OC4_SetConfig                      0x08002e30   Section        0  stm32f4xx_hal_tim.o(i.TIM_OC4_SetConfig)
    TIM_OC4_SetConfig                        0x08002e31   Thumb Code    70  stm32f4xx_hal_tim.o(i.TIM_OC4_SetConfig)
    i.USBD_ClrClassConfig                    0x08002e80   Section        0  usbd_core.o(i.USBD_ClrClassConfig)
    i.USBD_CoreFindEP                        0x08002e94   Section        0  usbd_core.o(i.USBD_CoreFindEP)
    i.USBD_CoreFindIF                        0x08002e98   Section        0  usbd_core.o(i.USBD_CoreFindIF)
    i.USBD_CtlContinueRx                     0x08002e9c   Section        0  usbd_ioreq.o(i.USBD_CtlContinueRx)
    i.USBD_CtlContinueSendData               0x08002eac   Section        0  usbd_ioreq.o(i.USBD_CtlContinueSendData)
    i.USBD_CtlError                          0x08002ebc   Section        0  usbd_ctlreq.o(i.USBD_CtlError)
    i.USBD_CtlReceiveStatus                  0x08002ed2   Section        0  usbd_ioreq.o(i.USBD_CtlReceiveStatus)
    i.USBD_CtlSendData                       0x08002ee8   Section        0  usbd_ioreq.o(i.USBD_CtlSendData)
    i.USBD_CtlSendStatus                     0x08002f02   Section        0  usbd_ioreq.o(i.USBD_CtlSendStatus)
    i.USBD_DeInit                            0x08002f18   Section        0  usbd_core.o(i.USBD_DeInit)
    i.USBD_GetDescriptor                     0x08002f4c   Section        0  usbd_ctlreq.o(i.USBD_GetDescriptor)
    USBD_GetDescriptor                       0x08002f4d   Thumb Code   230  usbd_ctlreq.o(i.USBD_GetDescriptor)
    i.USBD_GetEpDesc                         0x08003032   Section        0  usbd_core.o(i.USBD_GetEpDesc)
    i.USBD_GetNextDesc                       0x0800306c   Section        0  usbd_core.o(i.USBD_GetNextDesc)
    i.USBD_GetString                         0x0800307a   Section        0  usbd_ctlreq.o(i.USBD_GetString)
    i.USBD_HID_ConfigStrDescriptor           0x080030c4   Section        0  usbd_desc.o(i.USBD_HID_ConfigStrDescriptor)
    i.USBD_HID_DataIn                        0x080030e4   Section        0  usbd_hid.o(i.USBD_HID_DataIn)
    USBD_HID_DataIn                          0x080030e5   Thumb Code    20  usbd_hid.o(i.USBD_HID_DataIn)
    i.USBD_HID_DeInit                        0x080030f8   Section        0  usbd_hid.o(i.USBD_HID_DeInit)
    USBD_HID_DeInit                          0x080030f9   Thumb Code    66  usbd_hid.o(i.USBD_HID_DeInit)
    i.USBD_HID_DeviceDescriptor              0x08003140   Section        0  usbd_desc.o(i.USBD_HID_DeviceDescriptor)
    i.USBD_HID_GetDeviceQualifierDesc        0x0800314c   Section        0  usbd_hid.o(i.USBD_HID_GetDeviceQualifierDesc)
    USBD_HID_GetDeviceQualifierDesc          0x0800314d   Thumb Code     8  usbd_hid.o(i.USBD_HID_GetDeviceQualifierDesc)
    i.USBD_HID_GetFSCfgDesc                  0x08003158   Section        0  usbd_hid.o(i.USBD_HID_GetFSCfgDesc)
    USBD_HID_GetFSCfgDesc                    0x08003159   Thumb Code    26  usbd_hid.o(i.USBD_HID_GetFSCfgDesc)
    i.USBD_HID_GetHSCfgDesc                  0x08003178   Section        0  usbd_hid.o(i.USBD_HID_GetHSCfgDesc)
    USBD_HID_GetHSCfgDesc                    0x08003179   Thumb Code    26  usbd_hid.o(i.USBD_HID_GetHSCfgDesc)
    i.USBD_HID_GetOtherSpeedCfgDesc          0x08003198   Section        0  usbd_hid.o(i.USBD_HID_GetOtherSpeedCfgDesc)
    USBD_HID_GetOtherSpeedCfgDesc            0x08003199   Thumb Code    26  usbd_hid.o(i.USBD_HID_GetOtherSpeedCfgDesc)
    i.USBD_HID_GetPos                        0x080031b8   Section        0  main.o(i.USBD_HID_GetPos)
    USBD_HID_GetPos                          0x080031b9   Thumb Code    78  main.o(i.USBD_HID_GetPos)
    i.USBD_HID_Init                          0x0800320c   Section        0  usbd_hid.o(i.USBD_HID_Init)
    USBD_HID_Init                            0x0800320d   Thumb Code   110  usbd_hid.o(i.USBD_HID_Init)
    i.USBD_HID_InterfaceStrDescriptor        0x08003280   Section        0  usbd_desc.o(i.USBD_HID_InterfaceStrDescriptor)
    i.USBD_HID_LangIDStrDescriptor           0x080032a4   Section        0  usbd_desc.o(i.USBD_HID_LangIDStrDescriptor)
    i.USBD_HID_ManufacturerStrDescriptor     0x080032b0   Section        0  usbd_desc.o(i.USBD_HID_ManufacturerStrDescriptor)
    i.USBD_HID_ProductStrDescriptor          0x080032d8   Section        0  usbd_desc.o(i.USBD_HID_ProductStrDescriptor)
    i.USBD_HID_SendReport                    0x08003324   Section        0  usbd_hid.o(i.USBD_HID_SendReport)
    i.USBD_HID_SerialStrDescriptor           0x08003360   Section        0  usbd_desc.o(i.USBD_HID_SerialStrDescriptor)
    i.USBD_HID_Setup                         0x0800339c   Section        0  usbd_hid.o(i.USBD_HID_Setup)
    USBD_HID_Setup                           0x0800339d   Thumb Code   218  usbd_hid.o(i.USBD_HID_Setup)
    i.USBD_Init                              0x0800347c   Section        0  usbd_core.o(i.USBD_Init)
    i.USBD_LL_ClearStallEP                   0x080034a2   Section        0  usbd_conf.o(i.USBD_LL_ClearStallEP)
    i.USBD_LL_CloseEP                        0x080034b0   Section        0  usbd_conf.o(i.USBD_LL_CloseEP)
    i.USBD_LL_DataInStage                    0x080034be   Section        0  usbd_core.o(i.USBD_LL_DataInStage)
    i.USBD_LL_DataOutStage                   0x08003574   Section        0  usbd_core.o(i.USBD_LL_DataOutStage)
    i.USBD_LL_DeInit                         0x08003602   Section        0  usbd_conf.o(i.USBD_LL_DeInit)
    i.USBD_LL_DevConnected                   0x08003610   Section        0  usbd_core.o(i.USBD_LL_DevConnected)
    i.USBD_LL_DevDisconnected                0x08003614   Section        0  usbd_core.o(i.USBD_LL_DevDisconnected)
    i.USBD_LL_Init                           0x08003634   Section        0  usbd_conf.o(i.USBD_LL_Init)
    i.USBD_LL_IsStallEP                      0x08003694   Section        0  usbd_conf.o(i.USBD_LL_IsStallEP)
    i.USBD_LL_IsoINIncomplete                0x080036b2   Section        0  usbd_core.o(i.USBD_LL_IsoINIncomplete)
    i.USBD_LL_IsoOUTIncomplete               0x080036da   Section        0  usbd_core.o(i.USBD_LL_IsoOUTIncomplete)
    i.USBD_LL_OpenEP                         0x08003702   Section        0  usbd_conf.o(i.USBD_LL_OpenEP)
    i.USBD_LL_PrepareReceive                 0x08003716   Section        0  usbd_conf.o(i.USBD_LL_PrepareReceive)
    i.USBD_LL_Reset                          0x08003724   Section        0  usbd_core.o(i.USBD_LL_Reset)
    i.USBD_LL_Resume                         0x08003780   Section        0  usbd_core.o(i.USBD_LL_Resume)
    i.USBD_LL_SOF                            0x08003794   Section        0  usbd_core.o(i.USBD_LL_SOF)
    i.USBD_LL_SetSpeed                       0x080037ae   Section        0  usbd_core.o(i.USBD_LL_SetSpeed)
    i.USBD_LL_SetUSBAddress                  0x080037b4   Section        0  usbd_conf.o(i.USBD_LL_SetUSBAddress)
    i.USBD_LL_SetupStage                     0x080037c2   Section        0  usbd_core.o(i.USBD_LL_SetupStage)
    i.USBD_LL_StallEP                        0x08003822   Section        0  usbd_conf.o(i.USBD_LL_StallEP)
    i.USBD_LL_Start                          0x08003830   Section        0  usbd_conf.o(i.USBD_LL_Start)
    i.USBD_LL_Stop                           0x0800383e   Section        0  usbd_conf.o(i.USBD_LL_Stop)
    i.USBD_LL_Suspend                        0x0800384c   Section        0  usbd_core.o(i.USBD_LL_Suspend)
    i.USBD_LL_Transmit                       0x08003866   Section        0  usbd_conf.o(i.USBD_LL_Transmit)
    i.USBD_ParseSetupRequest                 0x08003874   Section        0  usbd_ctlreq.o(i.USBD_ParseSetupRequest)
    i.USBD_RegisterClass                     0x080038a0   Section        0  usbd_core.o(i.USBD_RegisterClass)
    i.USBD_SetClassConfig                    0x080038da   Section        0  usbd_core.o(i.USBD_SetClassConfig)
    i.USBD_SetConfig                         0x080038f0   Section        0  usbd_ctlreq.o(i.USBD_SetConfig)
    USBD_SetConfig                           0x080038f1   Thumb Code   180  usbd_ctlreq.o(i.USBD_SetConfig)
    i.USBD_Start                             0x080039a8   Section        0  usbd_core.o(i.USBD_Start)
    i.USBD_StdDevReq                         0x080039ac   Section        0  usbd_ctlreq.o(i.USBD_StdDevReq)
    i.USBD_StdEPReq                          0x08003ad8   Section        0  usbd_ctlreq.o(i.USBD_StdEPReq)
    i.USBD_StdItfReq                         0x08003c38   Section        0  usbd_ctlreq.o(i.USBD_StdItfReq)
    i.USBD_Stop                              0x08003caa   Section        0  usbd_core.o(i.USBD_Stop)
    i.USB_ActivateEndpoint                   0x08003cc4   Section        0  stm32f4xx_ll_usb.o(i.USB_ActivateEndpoint)
    i.USB_ActivateSetup                      0x08003d44   Section        0  stm32f4xx_ll_usb.o(i.USB_ActivateSetup)
    i.USB_CoreInit                           0x08003d60   Section        0  stm32f4xx_ll_usb.o(i.USB_CoreInit)
    i.USB_CoreReset                          0x08003de4   Section        0  stm32f4xx_ll_usb.o(i.USB_CoreReset)
    USB_CoreReset                            0x08003de5   Thumb Code    60  stm32f4xx_ll_usb.o(i.USB_CoreReset)
    i.USB_DeactivateEndpoint                 0x08003e20   Section        0  stm32f4xx_ll_usb.o(i.USB_DeactivateEndpoint)
    i.USB_DevConnect                         0x08003eec   Section        0  stm32f4xx_ll_usb.o(i.USB_DevConnect)
    i.USB_DevDisconnect                      0x08003f08   Section        0  stm32f4xx_ll_usb.o(i.USB_DevDisconnect)
    i.USB_DevInit                            0x08003f24   Section        0  stm32f4xx_ll_usb.o(i.USB_DevInit)
    i.USB_DisableGlobalInt                   0x080040a0   Section        0  stm32f4xx_ll_usb.o(i.USB_DisableGlobalInt)
    i.USB_EP0_OutStart                       0x080040ac   Section        0  stm32f4xx_ll_usb.o(i.USB_EP0_OutStart)
    i.USB_EPClearStall                       0x08004104   Section        0  stm32f4xx_ll_usb.o(i.USB_EPClearStall)
    i.USB_EPSetStall                         0x0800415c   Section        0  stm32f4xx_ll_usb.o(i.USB_EPSetStall)
    i.USB_EPStartXfer                        0x080041b4   Section        0  stm32f4xx_ll_usb.o(i.USB_EPStartXfer)
    i.USB_EPStopXfer                         0x080043e4   Section        0  stm32f4xx_ll_usb.o(i.USB_EPStopXfer)
    i.USB_EnableGlobalInt                    0x08004482   Section        0  stm32f4xx_ll_usb.o(i.USB_EnableGlobalInt)
    i.USB_FlushRxFifo                        0x0800448e   Section        0  stm32f4xx_ll_usb.o(i.USB_FlushRxFifo)
    i.USB_FlushTxFifo                        0x080044c6   Section        0  stm32f4xx_ll_usb.o(i.USB_FlushTxFifo)
    i.USB_GetDevSpeed                        0x08004502   Section        0  stm32f4xx_ll_usb.o(i.USB_GetDevSpeed)
    i.USB_GetMode                            0x0800451c   Section        0  stm32f4xx_ll_usb.o(i.USB_GetMode)
    i.USB_ReadDevAllInEpInterrupt            0x08004524   Section        0  stm32f4xx_ll_usb.o(i.USB_ReadDevAllInEpInterrupt)
    i.USB_ReadDevAllOutEpInterrupt           0x08004532   Section        0  stm32f4xx_ll_usb.o(i.USB_ReadDevAllOutEpInterrupt)
    i.USB_ReadDevInEPInterrupt               0x08004540   Section        0  stm32f4xx_ll_usb.o(i.USB_ReadDevInEPInterrupt)
    i.USB_ReadDevOutEPInterrupt              0x08004564   Section        0  stm32f4xx_ll_usb.o(i.USB_ReadDevOutEPInterrupt)
    i.USB_ReadInterrupts                     0x08004574   Section        0  stm32f4xx_ll_usb.o(i.USB_ReadInterrupts)
    i.USB_ReadPacket                         0x0800457c   Section        0  stm32f4xx_ll_usb.o(i.USB_ReadPacket)
    i.USB_SetCurrentMode                     0x080045ba   Section        0  stm32f4xx_ll_usb.o(i.USB_SetCurrentMode)
    i.USB_SetDevAddress                      0x08004616   Section        0  stm32f4xx_ll_usb.o(i.USB_SetDevAddress)
    i.USB_SetTurnaroundTime                  0x08004638   Section        0  stm32f4xx_ll_usb.o(i.USB_SetTurnaroundTime)
    i.USB_StopDevice                         0x08004720   Section        0  stm32f4xx_ll_usb.o(i.USB_StopDevice)
    i.USB_WritePacket                        0x08004764   Section        0  stm32f4xx_ll_usb.o(i.USB_WritePacket)
    i.UsageFault_Handler                     0x0800478c   Section        0  stm32f4xx_it.o(i.UsageFault_Handler)
    i.__NVIC_SetPriority                     0x0800478e   Section        0  stm32f4xx_hal_cortex.o(i.__NVIC_SetPriority)
    __NVIC_SetPriority                       0x0800478f   Thumb Code    32  stm32f4xx_hal_cortex.o(i.__NVIC_SetPriority)
    i.__scatterload_copy                     0x080047ae   Section       14  handlers.o(i.__scatterload_copy)
    i.__scatterload_null                     0x080047bc   Section        2  handlers.o(i.__scatterload_null)
    i.__scatterload_zeroinit                 0x080047be   Section       14  handlers.o(i.__scatterload_zeroinit)
    i.free                                   0x080047cc   Section        0  malloc.o(i.free)
    i.main                                   0x0800481c   Section        0  main.o(i.main)
    i.malloc                                 0x08004848   Section        0  malloc.o(i.malloc)
    .constdata                               0x080048b4   Section       12  stm32f4_discovery.o(.constdata)
    .constdata                               0x080048c0   Section       16  system_stm32f4xx.o(.constdata)
    .data                                    0x20000000   Section       52  lis3dsh.o(.data)
    .data                                    0x20000034   Section       52  lis302dl.o(.data)
    .data                                    0x20000068   Section       12  stm32f4xx_hal.o(.data)
    .data                                    0x20000074   Section        4  stm32f4_discovery_accelerometer.o(.data)
    AcceleroDrv                              0x20000074   Data           4  stm32f4_discovery_accelerometer.o(.data)
    .data                                    0x20000078   Section       28  stm32f4_discovery.o(.data)
    .data                                    0x20000094   Section        1  usbd_ctlreq.o(.data)
    cfgidx                                   0x20000094   Data           1  usbd_ctlreq.o(.data)
    .data                                    0x20000098   Section        4  system_stm32f4xx.o(.data)
    .data                                    0x2000009c   Section       28  usbd_desc.o(.data)
    .data                                    0x200000b8   Section       22  usbd_desc.o(.data)
    .data                                    0x200000ce   Section       26  main.o(.data)
    ThreadholdAcceleroLow                    0x200000d2   Data           2  main.o(.data)
    ThreadholdAcceleroHigh                   0x200000d4   Data           2  main.o(.data)
    HID_Buffer                               0x200000de   Data           4  main.o(.data)
    .data                                    0x200000e8   Section       56  usbd_hid.o(.data)
    .data                                    0x20000120   Section      138  usbd_hid.o(.data)
    HIDInEpAdd                               0x20000120   Data           1  usbd_hid.o(.data)
    USBD_HID_CfgDesc                         0x20000124   Data          34  usbd_hid.o(.data)
    USBD_HID_Desc                            0x20000148   Data           9  usbd_hid.o(.data)
    USBD_HID_DeviceQualifierDesc             0x20000154   Data          10  usbd_hid.o(.data)
    HID_MOUSE_ReportDesc                     0x20000160   Data          74  usbd_hid.o(.data)
    .data                                    0x200001ac   Section        4  mvars.o(.data)
    .data                                    0x200001b0   Section        4  mvars.o(.data)
    .bss                                     0x200001b4   Section      172  stm32f4_discovery.o(.bss)
    SpiHandle                                0x200001b4   Data          88  stm32f4_discovery.o(.bss)
    I2cHandle                                0x2000020c   Data          84  stm32f4_discovery.o(.bss)
    .bss                                     0x20000260   Section     1252  usbd_conf.o(.bss)
    .bss                                     0x20000744   Section      256  usbd_desc.o(.bss)
    .bss                                     0x20000844   Section      832  main.o(.bss)
    HEAP                                     0x20000b88   Section      512  startup_stm32f407xx.o(HEAP)
    STACK                                    0x20000d88   Section     1024  startup_stm32f407xx.o(STACK)

    Global Symbols

    Symbol Name                              Value     Ov Type        Size  Object(Section)

    BuildAttributes$$THM_ISAv4$E$P$D$K$B$S$7EM$VFPi3$EXTD16$VFPS$VFMA$PE$A:L22UL41UL21$X:L11$S22US41US21$IEEE1$IW$USESV6$~STKCKD$USESV7$~SHL$OSPACE$EBA8$MICROLIB$REQ8$PRES8$EABIv2 0x00000000   Number         0  anon$$obj.o ABSOLUTE
    __ARM_use_no_argv                        0x00000000   Number         0  main.o ABSOLUTE
    __cpp_initialize__aeabi_                  - Undefined Weak Reference
    __cxa_finalize                            - Undefined Weak Reference
    _clock_init                               - Undefined Weak Reference
    _microlib_exit                            - Undefined Weak Reference
    __Vectors_Size                           0x00000188   Number         0  startup_stm32f407xx.o ABSOLUTE
    __Vectors                                0x08000000   Data           4  startup_stm32f407xx.o(RESET)
    __Vectors_End                            0x08000188   Data           0  startup_stm32f407xx.o(RESET)
    __main                                   0x08000189   Thumb Code     0  entry.o(.ARM.Collect$$$$00000000)
    _main_stk                                0x08000189   Thumb Code     0  entry2.o(.ARM.Collect$$$$00000001)
    _main_scatterload                        0x0800018d   Thumb Code     0  entry5.o(.ARM.Collect$$$$00000004)
    __main_after_scatterload                 0x08000191   Thumb Code     0  entry5.o(.ARM.Collect$$$$00000004)
    _main_clock                              0x08000191   Thumb Code     0  entry7b.o(.ARM.Collect$$$$00000008)
    _main_cpp_init                           0x08000191   Thumb Code     0  entry8b.o(.ARM.Collect$$$$0000000A)
    _main_init                               0x08000191   Thumb Code     0  entry9a.o(.ARM.Collect$$$$0000000B)
    __rt_final_cpp                           0x08000199   Thumb Code     0  entry10a.o(.ARM.Collect$$$$0000000D)
    __rt_final_exit                          0x08000199   Thumb Code     0  entry11a.o(.ARM.Collect$$$$0000000F)
    Reset_Handler                            0x0800019d   Thumb Code     8  startup_stm32f407xx.o(.text)
    ADC_IRQHandler                           0x080001b7   Thumb Code     0  startup_stm32f407xx.o(.text)
    CAN1_RX0_IRQHandler                      0x080001b7   Thumb Code     0  startup_stm32f407xx.o(.text)
    CAN1_RX1_IRQHandler                      0x080001b7   Thumb Code     0  startup_stm32f407xx.o(.text)
    CAN1_SCE_IRQHandler                      0x080001b7   Thumb Code     0  startup_stm32f407xx.o(.text)
    CAN1_TX_IRQHandler                       0x080001b7   Thumb Code     0  startup_stm32f407xx.o(.text)
    CAN2_RX0_IRQHandler                      0x080001b7   Thumb Code     0  startup_stm32f407xx.o(.text)
    CAN2_RX1_IRQHandler                      0x080001b7   Thumb Code     0  startup_stm32f407xx.o(.text)
    CAN2_SCE_IRQHandler                      0x080001b7   Thumb Code     0  startup_stm32f407xx.o(.text)
    CAN2_TX_IRQHandler                       0x080001b7   Thumb Code     0  startup_stm32f407xx.o(.text)
    DCMI_IRQHandler                          0x080001b7   Thumb Code     0  startup_stm32f407xx.o(.text)
    DMA1_Stream0_IRQHandler                  0x080001b7   Thumb Code     0  startup_stm32f407xx.o(.text)
    DMA1_Stream1_IRQHandler                  0x080001b7   Thumb Code     0  startup_stm32f407xx.o(.text)
    DMA1_Stream2_IRQHandler                  0x080001b7   Thumb Code     0  startup_stm32f407xx.o(.text)
    DMA1_Stream3_IRQHandler                  0x080001b7   Thumb Code     0  startup_stm32f407xx.o(.text)
    DMA1_Stream4_IRQHandler                  0x080001b7   Thumb Code     0  startup_stm32f407xx.o(.text)
    DMA1_Stream5_IRQHandler                  0x080001b7   Thumb Code     0  startup_stm32f407xx.o(.text)
    DMA1_Stream6_IRQHandler                  0x080001b7   Thumb Code     0  startup_stm32f407xx.o(.text)
    DMA1_Stream7_IRQHandler                  0x080001b7   Thumb Code     0  startup_stm32f407xx.o(.text)
    DMA2_Stream0_IRQHandler                  0x080001b7   Thumb Code     0  startup_stm32f407xx.o(.text)
    DMA2_Stream1_IRQHandler                  0x080001b7   Thumb Code     0  startup_stm32f407xx.o(.text)
    DMA2_Stream2_IRQHandler                  0x080001b7   Thumb Code     0  startup_stm32f407xx.o(.text)
    DMA2_Stream3_IRQHandler                  0x080001b7   Thumb Code     0  startup_stm32f407xx.o(.text)
    DMA2_Stream4_IRQHandler                  0x080001b7   Thumb Code     0  startup_stm32f407xx.o(.text)
    DMA2_Stream5_IRQHandler                  0x080001b7   Thumb Code     0  startup_stm32f407xx.o(.text)
    DMA2_Stream6_IRQHandler                  0x080001b7   Thumb Code     0  startup_stm32f407xx.o(.text)
    DMA2_Stream7_IRQHandler                  0x080001b7   Thumb Code     0  startup_stm32f407xx.o(.text)
    ETH_IRQHandler                           0x080001b7   Thumb Code     0  startup_stm32f407xx.o(.text)
    ETH_WKUP_IRQHandler                      0x080001b7   Thumb Code     0  startup_stm32f407xx.o(.text)
    EXTI15_10_IRQHandler                     0x080001b7   Thumb Code     0  startup_stm32f407xx.o(.text)
    EXTI1_IRQHandler                         0x080001b7   Thumb Code     0  startup_stm32f407xx.o(.text)
    EXTI2_IRQHandler                         0x080001b7   Thumb Code     0  startup_stm32f407xx.o(.text)
    EXTI3_IRQHandler                         0x080001b7   Thumb Code     0  startup_stm32f407xx.o(.text)
    EXTI4_IRQHandler                         0x080001b7   Thumb Code     0  startup_stm32f407xx.o(.text)
    EXTI9_5_IRQHandler                       0x080001b7   Thumb Code     0  startup_stm32f407xx.o(.text)
    FLASH_IRQHandler                         0x080001b7   Thumb Code     0  startup_stm32f407xx.o(.text)
    FMC_IRQHandler                           0x080001b7   Thumb Code     0  startup_stm32f407xx.o(.text)
    FPU_IRQHandler                           0x080001b7   Thumb Code     0  startup_stm32f407xx.o(.text)
    HASH_RNG_IRQHandler                      0x080001b7   Thumb Code     0  startup_stm32f407xx.o(.text)
    I2C1_ER_IRQHandler                       0x080001b7   Thumb Code     0  startup_stm32f407xx.o(.text)
    I2C1_EV_IRQHandler                       0x080001b7   Thumb Code     0  startup_stm32f407xx.o(.text)
    I2C2_ER_IRQHandler                       0x080001b7   Thumb Code     0  startup_stm32f407xx.o(.text)
    I2C2_EV_IRQHandler                       0x080001b7   Thumb Code     0  startup_stm32f407xx.o(.text)
    I2C3_ER_IRQHandler                       0x080001b7   Thumb Code     0  startup_stm32f407xx.o(.text)
    I2C3_EV_IRQHandler                       0x080001b7   Thumb Code     0  startup_stm32f407xx.o(.text)
    OTG_FS_WKUP_IRQHandler                   0x080001b7   Thumb Code     0  startup_stm32f407xx.o(.text)
    OTG_HS_EP1_IN_IRQHandler                 0x080001b7   Thumb Code     0  startup_stm32f407xx.o(.text)
    OTG_HS_EP1_OUT_IRQHandler                0x080001b7   Thumb Code     0  startup_stm32f407xx.o(.text)
    OTG_HS_IRQHandler                        0x080001b7   Thumb Code     0  startup_stm32f407xx.o(.text)
    OTG_HS_WKUP_IRQHandler                   0x080001b7   Thumb Code     0  startup_stm32f407xx.o(.text)
    PVD_IRQHandler                           0x080001b7   Thumb Code     0  startup_stm32f407xx.o(.text)
    RCC_IRQHandler                           0x080001b7   Thumb Code     0  startup_stm32f407xx.o(.text)
    RTC_Alarm_IRQHandler                     0x080001b7   Thumb Code     0  startup_stm32f407xx.o(.text)
    RTC_WKUP_IRQHandler                      0x080001b7   Thumb Code     0  startup_stm32f407xx.o(.text)
    SDIO_IRQHandler                          0x080001b7   Thumb Code     0  startup_stm32f407xx.o(.text)
    SPI1_IRQHandler                          0x080001b7   Thumb Code     0  startup_stm32f407xx.o(.text)
    SPI2_IRQHandler                          0x080001b7   Thumb Code     0  startup_stm32f407xx.o(.text)
    SPI3_IRQHandler                          0x080001b7   Thumb Code     0  startup_stm32f407xx.o(.text)
    TAMP_STAMP_IRQHandler                    0x080001b7   Thumb Code     0  startup_stm32f407xx.o(.text)
    TIM1_BRK_TIM9_IRQHandler                 0x080001b7   Thumb Code     0  startup_stm32f407xx.o(.text)
    TIM1_CC_IRQHandler                       0x080001b7   Thumb Code     0  startup_stm32f407xx.o(.text)
    TIM1_TRG_COM_TIM11_IRQHandler            0x080001b7   Thumb Code     0  startup_stm32f407xx.o(.text)
    TIM1_UP_TIM10_IRQHandler                 0x080001b7   Thumb Code     0  startup_stm32f407xx.o(.text)
    TIM2_IRQHandler                          0x080001b7   Thumb Code     0  startup_stm32f407xx.o(.text)
    TIM3_IRQHandler                          0x080001b7   Thumb Code     0  startup_stm32f407xx.o(.text)
    TIM4_IRQHandler                          0x080001b7   Thumb Code     0  startup_stm32f407xx.o(.text)
    TIM5_IRQHandler                          0x080001b7   Thumb Code     0  startup_stm32f407xx.o(.text)
    TIM6_DAC_IRQHandler                      0x080001b7   Thumb Code     0  startup_stm32f407xx.o(.text)
    TIM7_IRQHandler                          0x080001b7   Thumb Code     0  startup_stm32f407xx.o(.text)
    TIM8_BRK_TIM12_IRQHandler                0x080001b7   Thumb Code     0  startup_stm32f407xx.o(.text)
    TIM8_CC_IRQHandler                       0x080001b7   Thumb Code     0  startup_stm32f407xx.o(.text)
    TIM8_TRG_COM_TIM14_IRQHandler            0x080001b7   Thumb Code     0  startup_stm32f407xx.o(.text)
    TIM8_UP_TIM13_IRQHandler                 0x080001b7   Thumb Code     0  startup_stm32f407xx.o(.text)
    UART4_IRQHandler                         0x080001b7   Thumb Code     0  startup_stm32f407xx.o(.text)
    UART5_IRQHandler                         0x080001b7   Thumb Code     0  startup_stm32f407xx.o(.text)
    USART1_IRQHandler                        0x080001b7   Thumb Code     0  startup_stm32f407xx.o(.text)
    USART2_IRQHandler                        0x080001b7   Thumb Code     0  startup_stm32f407xx.o(.text)
    USART3_IRQHandler                        0x080001b7   Thumb Code     0  startup_stm32f407xx.o(.text)
    USART6_IRQHandler                        0x080001b7   Thumb Code     0  startup_stm32f407xx.o(.text)
    WWDG_IRQHandler                          0x080001b7   Thumb Code     0  startup_stm32f407xx.o(.text)
    __aeabi_uldivmod                         0x080001c1   Thumb Code    98  uldiv.o(.text)
    __aeabi_llsl                             0x08000223   Thumb Code    30  llshl.o(.text)
    _ll_shift_l                              0x08000223   Thumb Code     0  llshl.o(.text)
    __aeabi_llsr                             0x08000241   Thumb Code    32  llushr.o(.text)
    _ll_ushift_r                             0x08000241   Thumb Code     0  llushr.o(.text)
    __scatterload                            0x08000261   Thumb Code    28  init.o(.text)
    __scatterload_rt2                        0x08000261   Thumb Code     0  init.o(.text)
    __decompress                             0x08000285   Thumb Code     0  __dczerorl2.o(.text)
    __decompress1                            0x08000285   Thumb Code    86  __dczerorl2.o(.text)
    ACCELERO_IO_ITConfig                     0x080002dd   Thumb Code    66  stm32f4_discovery.o(i.ACCELERO_IO_ITConfig)
    ACCELERO_IO_Init                         0x08000329   Thumb Code    64  stm32f4_discovery.o(i.ACCELERO_IO_Init)
    ACCELERO_IO_Read                         0x08000371   Thumb Code    74  stm32f4_discovery.o(i.ACCELERO_IO_Read)
    ACCELERO_IO_Write                        0x080003c1   Thumb Code    68  stm32f4_discovery.o(i.ACCELERO_IO_Write)
    BSP_ACCELERO_GetXYZ                      0x08000409   Thumb Code    38  stm32f4_discovery_accelerometer.o(i.BSP_ACCELERO_GetXYZ)
    BSP_ACCELERO_Init                        0x08000439   Thumb Code    58  stm32f4_discovery_accelerometer.o(i.BSP_ACCELERO_Init)
    BSP_LED_Init                             0x08000481   Thumb Code    86  stm32f4_discovery.o(i.BSP_LED_Init)
    BSP_LED_Off                              0x080004e5   Thumb Code    18  stm32f4_discovery.o(i.BSP_LED_Off)
    BSP_LED_On                               0x08000501   Thumb Code    18  stm32f4_discovery.o(i.BSP_LED_On)
    BSP_LED_Toggle                           0x0800051d   Thumb Code    16  stm32f4_discovery.o(i.BSP_LED_Toggle)
    BSP_PB_GetState                          0x08000535   Thumb Code    16  stm32f4_discovery.o(i.BSP_PB_GetState)
    BSP_PB_Init                              0x0800054d   Thumb Code   114  stm32f4_discovery.o(i.BSP_PB_Init)
    BusFault_Handler                         0x080005cd   Thumb Code     2  stm32f4xx_it.o(i.BusFault_Handler)
    DebugMon_Handler                         0x080005cf   Thumb Code     2  stm32f4xx_it.o(i.DebugMon_Handler)
    EXTI0_IRQHandler                         0x08000725   Thumb Code     6  stm32f4xx_it.o(i.EXTI0_IRQHandler)
    HAL_Delay                                0x08000735   Thumb Code    32  stm32f4xx_hal.o(i.HAL_Delay)
    HAL_GPIO_EXTI_Callback                   0x08000759   Thumb Code    10  main.o(i.HAL_GPIO_EXTI_Callback)
    HAL_GPIO_EXTI_IRQHandler                 0x08000769   Thumb Code    18  stm32f4xx_hal_gpio.o(i.HAL_GPIO_EXTI_IRQHandler)
    HAL_GPIO_Init                            0x08000781   Thumb Code   450  stm32f4xx_hal_gpio.o(i.HAL_GPIO_Init)
    HAL_GPIO_ReadPin                         0x08000971   Thumb Code    10  stm32f4xx_hal_gpio.o(i.HAL_GPIO_ReadPin)
    HAL_GPIO_TogglePin                       0x0800097b   Thumb Code    16  stm32f4xx_hal_gpio.o(i.HAL_GPIO_TogglePin)
    HAL_GPIO_WritePin                        0x0800098b   Thumb Code    10  stm32f4xx_hal_gpio.o(i.HAL_GPIO_WritePin)
    HAL_GetREVID                             0x08000995   Thumb Code     8  stm32f4xx_hal.o(i.HAL_GetREVID)
    HAL_GetTick                              0x080009a1   Thumb Code     6  stm32f4xx_hal.o(i.HAL_GetTick)
    HAL_IncTick                              0x080009ad   Thumb Code    12  stm32f4xx_hal.o(i.HAL_IncTick)
    HAL_Init                                 0x080009bd   Thumb Code    40  stm32f4xx_hal.o(i.HAL_Init)
    HAL_InitTick                             0x080009e9   Thumb Code    54  stm32f4xx_hal.o(i.HAL_InitTick)
    HAL_MspInit                              0x08000a29   Thumb Code     2  stm32f4xx_hal.o(i.HAL_MspInit)
    HAL_NVIC_EnableIRQ                       0x08000a2b   Thumb Code    26  stm32f4xx_hal_cortex.o(i.HAL_NVIC_EnableIRQ)
    HAL_NVIC_SetPriority                     0x08000a45   Thumb Code    60  stm32f4xx_hal_cortex.o(i.HAL_NVIC_SetPriority)
    HAL_NVIC_SetPriorityGrouping             0x08000a85   Thumb Code    26  stm32f4xx_hal_cortex.o(i.HAL_NVIC_SetPriorityGrouping)
    HAL_PCDEx_LPM_Callback                   0x08000aa9   Thumb Code     2  stm32f4xx_hal_pcd_ex.o(i.HAL_PCDEx_LPM_Callback)
    HAL_PCDEx_SetRxFiFo                      0x08000aab   Thumb Code     8  stm32f4xx_hal_pcd_ex.o(i.HAL_PCDEx_SetRxFiFo)
    HAL_PCDEx_SetTxFiFo                      0x08000ab3   Thumb Code    68  stm32f4xx_hal_pcd_ex.o(i.HAL_PCDEx_SetTxFiFo)
    HAL_PCD_ConnectCallback                  0x08000af7   Thumb Code     8  usbd_conf.o(i.HAL_PCD_ConnectCallback)
    HAL_PCD_DataInStageCallback              0x08000aff   Thumb Code    18  usbd_conf.o(i.HAL_PCD_DataInStageCallback)
    HAL_PCD_DataOutStageCallback             0x08000b11   Thumb Code    20  usbd_conf.o(i.HAL_PCD_DataOutStageCallback)
    HAL_PCD_DeInit                           0x08000b25   Thumb Code    38  stm32f4xx_hal_pcd.o(i.HAL_PCD_DeInit)
    HAL_PCD_DisconnectCallback               0x08000b4b   Thumb Code     8  usbd_conf.o(i.HAL_PCD_DisconnectCallback)
    HAL_PCD_EP_Abort                         0x08000b53   Thumb Code    30  stm32f4xx_hal_pcd.o(i.HAL_PCD_EP_Abort)
    HAL_PCD_EP_Close                         0x08000b71   Thumb Code    74  stm32f4xx_hal_pcd.o(i.HAL_PCD_EP_Close)
    HAL_PCD_EP_ClrStall                      0x08000bbb   Thumb Code    90  stm32f4xx_hal_pcd.o(i.HAL_PCD_EP_ClrStall)
    HAL_PCD_EP_Open                          0x08000c15   Thumb Code    94  stm32f4xx_hal_pcd.o(i.HAL_PCD_EP_Open)
    HAL_PCD_EP_Receive                       0x08000c73   Thumb Code    56  stm32f4xx_hal_pcd.o(i.HAL_PCD_EP_Receive)
    HAL_PCD_EP_SetStall                      0x08000cab   Thumb Code   114  stm32f4xx_hal_pcd.o(i.HAL_PCD_EP_SetStall)
    HAL_PCD_EP_Transmit                      0x08000d1d   Thumb Code    50  stm32f4xx_hal_pcd.o(i.HAL_PCD_EP_Transmit)
    HAL_PCD_IRQHandler                       0x08000d51   Thumb Code  1372  stm32f4xx_hal_pcd.o(i.HAL_PCD_IRQHandler)
    HAL_PCD_ISOINIncompleteCallback          0x080012ad   Thumb Code     8  usbd_conf.o(i.HAL_PCD_ISOINIncompleteCallback)
    HAL_PCD_ISOOUTIncompleteCallback         0x080012b5   Thumb Code     8  usbd_conf.o(i.HAL_PCD_ISOOUTIncompleteCallback)
    HAL_PCD_Init                             0x080012bd   Thumb Code   204  stm32f4xx_hal_pcd.o(i.HAL_PCD_Init)
    HAL_PCD_MspDeInit                        0x08001389   Thumb Code    20  usbd_conf.o(i.HAL_PCD_MspDeInit)
    HAL_PCD_MspInit                          0x080013a1   Thumb Code   152  usbd_conf.o(i.HAL_PCD_MspInit)
    HAL_PCD_ResetCallback                    0x08001441   Thumb Code    32  usbd_conf.o(i.HAL_PCD_ResetCallback)
    HAL_PCD_ResumeCallback                   0x08001461   Thumb Code     8  usbd_conf.o(i.HAL_PCD_ResumeCallback)
    HAL_PCD_SOFCallback                      0x08001469   Thumb Code     8  usbd_conf.o(i.HAL_PCD_SOFCallback)
    HAL_PCD_SetAddress                       0x08001471   Thumb Code    38  stm32f4xx_hal_pcd.o(i.HAL_PCD_SetAddress)
    HAL_PCD_SetupStageCallback               0x08001497   Thumb Code    14  usbd_conf.o(i.HAL_PCD_SetupStageCallback)
    HAL_PCD_Start                            0x080014a5   Thumb Code    66  stm32f4xx_hal_pcd.o(i.HAL_PCD_Start)
    HAL_PCD_Stop                             0x080014e7   Thumb Code    74  stm32f4xx_hal_pcd.o(i.HAL_PCD_Stop)
    HAL_PCD_SuspendCallback                  0x08001531   Thumb Code     8  usbd_conf.o(i.HAL_PCD_SuspendCallback)
    HAL_RCC_ClockConfig                      0x08001539   Thumb Code   288  stm32f4xx_hal_rcc.o(i.HAL_RCC_ClockConfig)
    HAL_RCC_GetHCLKFreq                      0x0800166d   Thumb Code     6  stm32f4xx_hal_rcc.o(i.HAL_RCC_GetHCLKFreq)
    HAL_RCC_GetSysClockFreq                  0x08001679   Thumb Code    88  stm32f4xx_hal_rcc.o(i.HAL_RCC_GetSysClockFreq)
    HAL_RCC_OscConfig                        0x080016d9   Thumb Code   856  stm32f4xx_hal_rcc.o(i.HAL_RCC_OscConfig)
    HAL_SPI_DeInit                           0x08001a45   Thumb Code    46  stm32f4xx_hal_spi.o(i.HAL_SPI_DeInit)
    HAL_SPI_GetState                         0x08001a73   Thumb Code     6  stm32f4xx_hal_spi.o(i.HAL_SPI_GetState)
    HAL_SPI_Init                             0x08001a79   Thumb Code   202  stm32f4xx_hal_spi.o(i.HAL_SPI_Init)
    HAL_SPI_MspDeInit                        0x08001b43   Thumb Code     2  stm32f4xx_hal_spi.o(i.HAL_SPI_MspDeInit)
    HAL_SPI_MspInit                          0x08001b45   Thumb Code     2  stm32f4xx_hal_spi.o(i.HAL_SPI_MspInit)
    HAL_SPI_TransmitReceive                  0x08001b47   Thumb Code   678  stm32f4xx_hal_spi.o(i.HAL_SPI_TransmitReceive)
    HAL_SYSTICK_Callback                     0x08001ded   Thumb Code   340  main.o(i.HAL_SYSTICK_Callback)
    HAL_SYSTICK_Config                       0x08001f4d   Thumb Code    40  stm32f4xx_hal_cortex.o(i.HAL_SYSTICK_Config)
    HAL_SYSTICK_IRQHandler                   0x08001f75   Thumb Code     8  stm32f4xx_hal_cortex.o(i.HAL_SYSTICK_IRQHandler)
    HAL_TIM_PWM_ConfigChannel                0x08001f7d   Thumb Code   204  stm32f4xx_hal_tim.o(i.HAL_TIM_PWM_ConfigChannel)
    HAL_TIM_PWM_DeInit                       0x08002049   Thumb Code    92  stm32f4xx_hal_tim.o(i.HAL_TIM_PWM_DeInit)
    HAL_TIM_PWM_Init                         0x080020a5   Thumb Code    90  stm32f4xx_hal_tim.o(i.HAL_TIM_PWM_Init)
    HAL_TIM_PWM_MspDeInit                    0x08002101   Thumb Code    20  stm32f4xx_hal_msp.o(i.HAL_TIM_PWM_MspDeInit)
    HAL_TIM_PWM_MspInit                      0x08002119   Thumb Code    74  stm32f4xx_hal_msp.o(i.HAL_TIM_PWM_MspInit)
    HAL_TIM_PWM_Start                        0x0800216d   Thumb Code   172  stm32f4xx_hal_tim.o(i.HAL_TIM_PWM_Start)
    HAL_TIM_PWM_Stop                         0x08002235   Thumb Code   114  stm32f4xx_hal_tim.o(i.HAL_TIM_PWM_Stop)
    HardFault_Handler                        0x080022b1   Thumb Code     2  stm32f4xx_it.o(i.HardFault_Handler)
    LIS302DL_Click_IntClear                  0x080022b3   Thumb Code    30  lis302dl.o(i.LIS302DL_Click_IntClear)
    LIS302DL_Click_IntConfig                 0x080022d1   Thumb Code   164  lis302dl.o(i.LIS302DL_Click_IntConfig)
    LIS302DL_DeInit                          0x08002375   Thumb Code     2  lis302dl.o(i.LIS302DL_DeInit)
    LIS302DL_FilterConfig                    0x08002377   Thumb Code    46  lis302dl.o(i.LIS302DL_FilterConfig)
    LIS302DL_Init                            0x080023a5   Thumb Code    30  lis302dl.o(i.LIS302DL_Init)
    LIS302DL_InterruptConfig                 0x080023c3   Thumb Code    46  lis302dl.o(i.LIS302DL_InterruptConfig)
    LIS302DL_ReadACC                         0x080023f1   Thumb Code   104  lis302dl.o(i.LIS302DL_ReadACC)
    LIS302DL_ReadID                          0x08002459   Thumb Code    28  lis302dl.o(i.LIS302DL_ReadID)
    LIS302DL_RebootCmd                       0x08002475   Thumb Code    36  lis302dl.o(i.LIS302DL_RebootCmd)
    LIS3DSH_Click_IntConfig                  0x08002499   Thumb Code   210  lis3dsh.o(i.LIS3DSH_Click_IntConfig)
    LIS3DSH_DeInit                           0x0800256b   Thumb Code     2  lis3dsh.o(i.LIS3DSH_DeInit)
    LIS3DSH_Init                             0x0800256d   Thumb Code    46  lis3dsh.o(i.LIS3DSH_Init)
    LIS3DSH_InterruptConfig                  0x0800259b   Thumb Code    76  lis3dsh.o(i.LIS3DSH_InterruptConfig)
    LIS3DSH_ReadACC                          0x080025e9   Thumb Code   198  lis3dsh.o(i.LIS3DSH_ReadACC)
    LIS3DSH_ReadID                           0x080026c5   Thumb Code    28  lis3dsh.o(i.LIS3DSH_ReadID)
    LIS3DSH_RebootCmd                        0x080026e1   Thumb Code    36  lis3dsh.o(i.LIS3DSH_RebootCmd)
    MemManage_Handler                        0x08002705   Thumb Code     2  stm32f4xx_it.o(i.MemManage_Handler)
    NMI_Handler                              0x08002707   Thumb Code     2  stm32f4xx_it.o(i.NMI_Handler)
    OTG_FS_IRQHandler                        0x08002709   Thumb Code     6  stm32f4xx_it.o(i.OTG_FS_IRQHandler)
    PendSV_Handler                           0x08002883   Thumb Code     2  stm32f4xx_it.o(i.PendSV_Handler)
    SVC_Handler                              0x08002a79   Thumb Code     2  stm32f4xx_it.o(i.SVC_Handler)
    SysTick_Handler                          0x08002a85   Thumb Code    14  stm32f4xx_it.o(i.SysTick_Handler)
    SystemInit                               0x08002b21   Thumb Code    66  system_stm32f4xx.o(i.SystemInit)
    TIM_Base_SetConfig                       0x08002c09   Thumb Code   170  stm32f4xx_hal_tim.o(i.TIM_Base_SetConfig)
    TIM_CCxChannelCmd                        0x08002ce1   Thumb Code    26  stm32f4xx_hal_tim.o(i.TIM_CCxChannelCmd)
    TIM_OC2_SetConfig                        0x08002d5d   Thumb Code    98  stm32f4xx_hal_tim.o(i.TIM_OC2_SetConfig)
    USBD_ClrClassConfig                      0x08002e81   Thumb Code    20  usbd_core.o(i.USBD_ClrClassConfig)
    USBD_CoreFindEP                          0x08002e95   Thumb Code     4  usbd_core.o(i.USBD_CoreFindEP)
    USBD_CoreFindIF                          0x08002e99   Thumb Code     4  usbd_core.o(i.USBD_CoreFindIF)
    USBD_CtlContinueRx                       0x08002e9d   Thumb Code    16  usbd_ioreq.o(i.USBD_CtlContinueRx)
    USBD_CtlContinueSendData                 0x08002ead   Thumb Code    16  usbd_ioreq.o(i.USBD_CtlContinueSendData)
    USBD_CtlError                            0x08002ebd   Thumb Code    22  usbd_ctlreq.o(i.USBD_CtlError)
    USBD_CtlReceiveStatus                    0x08002ed3   Thumb Code    22  usbd_ioreq.o(i.USBD_CtlReceiveStatus)
    USBD_CtlSendData                         0x08002ee9   Thumb Code    26  usbd_ioreq.o(i.USBD_CtlSendData)
    USBD_CtlSendStatus                       0x08002f03   Thumb Code    22  usbd_ioreq.o(i.USBD_CtlSendStatus)
    USBD_DeInit                              0x08002f19   Thumb Code    52  usbd_core.o(i.USBD_DeInit)
    USBD_GetEpDesc                           0x08003033   Thumb Code    58  usbd_core.o(i.USBD_GetEpDesc)
    USBD_GetNextDesc                         0x0800306d   Thumb Code    14  usbd_core.o(i.USBD_GetNextDesc)
    USBD_GetString                           0x0800307b   Thumb Code    72  usbd_ctlreq.o(i.USBD_GetString)
    USBD_HID_ConfigStrDescriptor             0x080030c5   Thumb Code    16  usbd_desc.o(i.USBD_HID_ConfigStrDescriptor)
    USBD_HID_DeviceDescriptor                0x08003141   Thumb Code     8  usbd_desc.o(i.USBD_HID_DeviceDescriptor)
    USBD_HID_InterfaceStrDescriptor          0x08003281   Thumb Code    16  usbd_desc.o(i.USBD_HID_InterfaceStrDescriptor)
    USBD_HID_LangIDStrDescriptor             0x080032a5   Thumb Code     8  usbd_desc.o(i.USBD_HID_LangIDStrDescriptor)
    USBD_HID_ManufacturerStrDescriptor       0x080032b1   Thumb Code    16  usbd_desc.o(i.USBD_HID_ManufacturerStrDescriptor)
    USBD_HID_ProductStrDescriptor            0x080032d9   Thumb Code    24  usbd_desc.o(i.USBD_HID_ProductStrDescriptor)
    USBD_HID_SendReport                      0x08003325   Thumb Code    54  usbd_hid.o(i.USBD_HID_SendReport)
    USBD_HID_SerialStrDescriptor             0x08003361   Thumb Code    24  usbd_desc.o(i.USBD_HID_SerialStrDescriptor)
    USBD_Init                                0x0800347d   Thumb Code    38  usbd_core.o(i.USBD_Init)
    USBD_LL_ClearStallEP                     0x080034a3   Thumb Code    14  usbd_conf.o(i.USBD_LL_ClearStallEP)
    USBD_LL_CloseEP                          0x080034b1   Thumb Code    14  usbd_conf.o(i.USBD_LL_CloseEP)
    USBD_LL_DataInStage                      0x080034bf   Thumb Code   182  usbd_core.o(i.USBD_LL_DataInStage)
    USBD_LL_DataOutStage                     0x08003575   Thumb Code   142  usbd_core.o(i.USBD_LL_DataOutStage)
    USBD_LL_DeInit                           0x08003603   Thumb Code    14  usbd_conf.o(i.USBD_LL_DeInit)
    USBD_LL_DevConnected                     0x08003611   Thumb Code     4  usbd_core.o(i.USBD_LL_DevConnected)
    USBD_LL_DevDisconnected                  0x08003615   Thumb Code    30  usbd_core.o(i.USBD_LL_DevDisconnected)
    USBD_LL_Init                             0x08003635   Thumb Code    86  usbd_conf.o(i.USBD_LL_Init)
    USBD_LL_IsStallEP                        0x08003695   Thumb Code    30  usbd_conf.o(i.USBD_LL_IsStallEP)
    USBD_LL_IsoINIncomplete                  0x080036b3   Thumb Code    40  usbd_core.o(i.USBD_LL_IsoINIncomplete)
    USBD_LL_IsoOUTIncomplete                 0x080036db   Thumb Code    40  usbd_core.o(i.USBD_LL_IsoOUTIncomplete)
    USBD_LL_OpenEP                           0x08003703   Thumb Code    20  usbd_conf.o(i.USBD_LL_OpenEP)
    USBD_LL_PrepareReceive                   0x08003717   Thumb Code    14  usbd_conf.o(i.USBD_LL_PrepareReceive)
    USBD_LL_Reset                            0x08003725   Thumb Code    92  usbd_core.o(i.USBD_LL_Reset)
    USBD_LL_Resume                           0x08003781   Thumb Code    20  usbd_core.o(i.USBD_LL_Resume)
    USBD_LL_SOF                              0x08003795   Thumb Code    26  usbd_core.o(i.USBD_LL_SOF)
    USBD_LL_SetSpeed                         0x080037af   Thumb Code     6  usbd_core.o(i.USBD_LL_SetSpeed)
    USBD_LL_SetUSBAddress                    0x080037b5   Thumb Code    14  usbd_conf.o(i.USBD_LL_SetUSBAddress)
    USBD_LL_SetupStage                       0x080037c3   Thumb Code    96  usbd_core.o(i.USBD_LL_SetupStage)
    USBD_LL_StallEP                          0x08003823   Thumb Code    14  usbd_conf.o(i.USBD_LL_StallEP)
    USBD_LL_Start                            0x08003831   Thumb Code    14  usbd_conf.o(i.USBD_LL_Start)
    USBD_LL_Stop                             0x0800383f   Thumb Code    14  usbd_conf.o(i.USBD_LL_Stop)
    USBD_LL_Suspend                          0x0800384d   Thumb Code    26  usbd_core.o(i.USBD_LL_Suspend)
    USBD_LL_Transmit                         0x08003867   Thumb Code    14  usbd_conf.o(i.USBD_LL_Transmit)
    USBD_ParseSetupRequest                   0x08003875   Thumb Code    44  usbd_ctlreq.o(i.USBD_ParseSetupRequest)
    USBD_RegisterClass                       0x080038a1   Thumb Code    58  usbd_core.o(i.USBD_RegisterClass)
    USBD_SetClassConfig                      0x080038db   Thumb Code    20  usbd_core.o(i.USBD_SetClassConfig)
    USBD_Start                               0x080039a9   Thumb Code     4  usbd_core.o(i.USBD_Start)
    USBD_StdDevReq                           0x080039ad   Thumb Code   300  usbd_ctlreq.o(i.USBD_StdDevReq)
    USBD_StdEPReq                            0x08003ad9   Thumb Code   352  usbd_ctlreq.o(i.USBD_StdEPReq)
    USBD_StdItfReq                           0x08003c39   Thumb Code   114  usbd_ctlreq.o(i.USBD_StdItfReq)
    USBD_Stop                                0x08003cab   Thumb Code    26  usbd_core.o(i.USBD_Stop)
    USB_ActivateEndpoint                     0x08003cc5   Thumb Code   122  stm32f4xx_ll_usb.o(i.USB_ActivateEndpoint)
    USB_ActivateSetup                        0x08003d45   Thumb Code    28  stm32f4xx_ll_usb.o(i.USB_ActivateSetup)
    USB_CoreInit                             0x08003d61   Thumb Code   126  stm32f4xx_ll_usb.o(i.USB_CoreInit)
    USB_DeactivateEndpoint                   0x08003e21   Thumb Code   194  stm32f4xx_ll_usb.o(i.USB_DeactivateEndpoint)
    USB_DevConnect                           0x08003eed   Thumb Code    28  stm32f4xx_ll_usb.o(i.USB_DevConnect)
    USB_DevDisconnect                        0x08003f09   Thumb Code    28  stm32f4xx_ll_usb.o(i.USB_DevDisconnect)
    USB_DevInit                              0x08003f25   Thumb Code   370  stm32f4xx_ll_usb.o(i.USB_DevInit)
    USB_DisableGlobalInt                     0x080040a1   Thumb Code    12  stm32f4xx_ll_usb.o(i.USB_DisableGlobalInt)
    USB_EP0_OutStart                         0x080040ad   Thumb Code    84  stm32f4xx_ll_usb.o(i.USB_EP0_OutStart)
    USB_EPClearStall                         0x08004105   Thumb Code    88  stm32f4xx_ll_usb.o(i.USB_EPClearStall)
    USB_EPSetStall                           0x0800415d   Thumb Code    88  stm32f4xx_ll_usb.o(i.USB_EPSetStall)
    USB_EPStartXfer                          0x080041b5   Thumb Code   554  stm32f4xx_ll_usb.o(i.USB_EPStartXfer)
    USB_EPStopXfer                           0x080043e5   Thumb Code   158  stm32f4xx_ll_usb.o(i.USB_EPStopXfer)
    USB_EnableGlobalInt                      0x08004483   Thumb Code    12  stm32f4xx_ll_usb.o(i.USB_EnableGlobalInt)
    USB_FlushRxFifo                          0x0800448f   Thumb Code    56  stm32f4xx_ll_usb.o(i.USB_FlushRxFifo)
    USB_FlushTxFifo                          0x080044c7   Thumb Code    60  stm32f4xx_ll_usb.o(i.USB_FlushTxFifo)
    USB_GetDevSpeed                          0x08004503   Thumb Code    26  stm32f4xx_ll_usb.o(i.USB_GetDevSpeed)
    USB_GetMode                              0x0800451d   Thumb Code     8  stm32f4xx_ll_usb.o(i.USB_GetMode)
    USB_ReadDevAllInEpInterrupt              0x08004525   Thumb Code    14  stm32f4xx_ll_usb.o(i.USB_ReadDevAllInEpInterrupt)
    USB_ReadDevAllOutEpInterrupt             0x08004533   Thumb Code    14  stm32f4xx_ll_usb.o(i.USB_ReadDevAllOutEpInterrupt)
    USB_ReadDevInEPInterrupt                 0x08004541   Thumb Code    36  stm32f4xx_ll_usb.o(i.USB_ReadDevInEPInterrupt)
    USB_ReadDevOutEPInterrupt                0x08004565   Thumb Code    16  stm32f4xx_ll_usb.o(i.USB_ReadDevOutEPInterrupt)
    USB_ReadInterrupts                       0x08004575   Thumb Code     8  stm32f4xx_ll_usb.o(i.USB_ReadInterrupts)
    USB_ReadPacket                           0x0800457d   Thumb Code    62  stm32f4xx_ll_usb.o(i.USB_ReadPacket)
    USB_SetCurrentMode                       0x080045bb   Thumb Code    92  stm32f4xx_ll_usb.o(i.USB_SetCurrentMode)
    USB_SetDevAddress                        0x08004617   Thumb Code    34  stm32f4xx_ll_usb.o(i.USB_SetDevAddress)
    USB_SetTurnaroundTime                    0x08004639   Thumb Code   158  stm32f4xx_ll_usb.o(i.USB_SetTurnaroundTime)
    USB_StopDevice                           0x08004721   Thumb Code    68  stm32f4xx_ll_usb.o(i.USB_StopDevice)
    USB_WritePacket                          0x08004765   Thumb Code    40  stm32f4xx_ll_usb.o(i.USB_WritePacket)
    UsageFault_Handler                       0x0800478d   Thumb Code     2  stm32f4xx_it.o(i.UsageFault_Handler)
    __scatterload_copy                       0x080047af   Thumb Code    14  handlers.o(i.__scatterload_copy)
    __scatterload_null                       0x080047bd   Thumb Code     2  handlers.o(i.__scatterload_null)
    __scatterload_zeroinit                   0x080047bf   Thumb Code    14  handlers.o(i.__scatterload_zeroinit)
    free                                     0x080047cd   Thumb Code    76  malloc.o(i.free)
    main                                     0x0800481d   Thumb Code    44  main.o(i.main)
    malloc                                   0x08004849   Thumb Code    92  malloc.o(i.malloc)
    BUTTON_IRQn                              0x080048b4   Data           1  stm32f4_discovery.o(.constdata)
    BUTTON_PIN                               0x080048b6   Data           2  stm32f4_discovery.o(.constdata)
    GPIO_PIN                                 0x080048b8   Data           8  stm32f4_discovery.o(.constdata)
    AHBPrescTable                            0x080048c0   Data          16  system_stm32f4xx.o(.constdata)
    Region$$Table$$Base                      0x080048d0   Number         0  anon$$obj.o(Region$$Table)
    Region$$Table$$Limit                     0x080048f0   Number         0  anon$$obj.o(Region$$Table)
    Lis3dshDrv                               0x20000000   Data          52  lis3dsh.o(.data)
    Lis302dlDrv                              0x20000034   Data          52  lis302dl.o(.data)
    uwTickFreq                               0x20000068   Data           1  stm32f4xx_hal.o(.data)
    uwTickPrio                               0x2000006c   Data           4  stm32f4xx_hal.o(.data)
    uwTick                                   0x20000070   Data           4  stm32f4xx_hal.o(.data)
    BUTTON_PORT                              0x20000078   Data           4  stm32f4_discovery.o(.data)
    I2cxTimeout                              0x2000007c   Data           4  stm32f4_discovery.o(.data)
    SpixTimeout                              0x20000080   Data           4  stm32f4_discovery.o(.data)
    GPIO_PORT                                0x20000084   Data          16  stm32f4_discovery.o(.data)
    SystemCoreClock                          0x20000098   Data           4  system_stm32f4xx.o(.data)
    HID_Desc                                 0x2000009c   Data          28  usbd_desc.o(.data)
    USBD_LangIDDesc                          0x200000b8   Data           4  usbd_desc.o(.data)
    hUSBDDeviceDesc                          0x200000bc   Data          18  usbd_desc.o(.data)
    UserButtonPressed                        0x200000ce   Data           1  main.o(.data)
    DemoEnterCondition                       0x200000cf   Data           1  main.o(.data)
    Counter                                  0x200000d0   Data           1  main.o(.data)
    PrescalerValue                           0x200000d6   Data           2  main.o(.data)
    MaxAcceleration                          0x200000d8   Data           2  main.o(.data)
    X_Offset                                 0x200000da   Data           2  main.o(.data)
    Y_Offset                                 0x200000dc   Data           2  main.o(.data)
    Buffer                                   0x200000e2   Data           6  main.o(.data)
    USBD_HID                                 0x200000e8   Data          56  usbd_hid.o(.data)
    __microlib_freelist                      0x200001ac   Data           4  mvars.o(.data)
    __microlib_freelist_initialised          0x200001b0   Data           4  mvars.o(.data)
    hpcd                                     0x20000260   Data        1252  usbd_conf.o(.bss)
    USBD_StrDesc                             0x20000744   Data         256  usbd_desc.o(.bss)
    hUSBDDevice                              0x20000844   Data         732  main.o(.bss)
    htim4                                    0x20000b20   Data          72  main.o(.bss)
    sConfigTim4                              0x20000b68   Data          28  main.o(.bss)
    __heap_base                              0x20000b88   Data           0  startup_stm32f407xx.o(HEAP)
    __heap_limit                             0x20000d88   Data           0  startup_stm32f407xx.o(HEAP)
    __initial_sp                             0x20001188   Data           0  startup_stm32f407xx.o(STACK)



==============================================================================

Memory Map of the image

  Image Entry point : 0x08000189

  Load Region LR_IROM1 (Base: 0x08000000, Size: 0x00004aa4, Max: 0x00100000, ABSOLUTE, COMPRESSED[0x00004a00])

    Execution Region ER_IROM1 (Exec base: 0x08000000, Load base: 0x08000000, Size: 0x000048f0, Max: 0x00100000, ABSOLUTE)

    Exec Addr    Load Addr    Size         Type   Attr      Idx    E Section Name        Object

    0x08000000   0x08000000   0x00000188   Data   RO            3    RESET               startup_stm32f407xx.o
    0x08000188   0x08000188   0x00000000   Code   RO         5083  * .ARM.Collect$$$$00000000  mc_w.l(entry.o)
    0x08000188   0x08000188   0x00000004   Code   RO         5116    .ARM.Collect$$$$00000001  mc_w.l(entry2.o)
    0x0800018c   0x0800018c   0x00000004   Code   RO         5119    .ARM.Collect$$$$00000004  mc_w.l(entry5.o)
    0x08000190   0x08000190   0x00000000   Code   RO         5121    .ARM.Collect$$$$00000008  mc_w.l(entry7b.o)
    0x08000190   0x08000190   0x00000000   Code   RO         5123    .ARM.Collect$$$$0000000A  mc_w.l(entry8b.o)
    0x08000190   0x08000190   0x00000008   Code   RO         5124    .ARM.Collect$$$$0000000B  mc_w.l(entry9a.o)
    0x08000198   0x08000198   0x00000000   Code   RO         5126    .ARM.Collect$$$$0000000D  mc_w.l(entry10a.o)
    0x08000198   0x08000198   0x00000000   Code   RO         5128    .ARM.Collect$$$$0000000F  mc_w.l(entry11a.o)
    0x08000198   0x08000198   0x00000004   Code   RO         5117    .ARM.Collect$$$$00002712  mc_w.l(entry2.o)
    0x0800019c   0x0800019c   0x00000024   Code   RO            4    .text               startup_stm32f407xx.o
    0x080001c0   0x080001c0   0x00000062   Code   RO         5086    .text               mc_w.l(uldiv.o)
    0x08000222   0x08000222   0x0000001e   Code   RO         5130    .text               mc_w.l(llshl.o)
    0x08000240   0x08000240   0x00000020   Code   RO         5132    .text               mc_w.l(llushr.o)
    0x08000260   0x08000260   0x00000024   Code   RO         5140    .text               mc_w.l(init.o)
    0x08000284   0x08000284   0x00000056   Code   RO         5150    .text               mc_w.l(__dczerorl2.o)
    0x080002da   0x080002da   0x00000002   PAD
    0x080002dc   0x080002dc   0x0000004c   Code   RO         4040    i.ACCELERO_IO_ITConfig  stm32f4_discovery.o
    0x08000328   0x08000328   0x00000048   Code   RO         4041    i.ACCELERO_IO_Init  stm32f4_discovery.o
    0x08000370   0x08000370   0x00000050   Code   RO         4042    i.ACCELERO_IO_Read  stm32f4_discovery.o
    0x080003c0   0x080003c0   0x00000048   Code   RO         4043    i.ACCELERO_IO_Write  stm32f4_discovery.o
    0x08000408   0x08000408   0x00000030   Code   RO         3969    i.BSP_ACCELERO_GetXYZ  stm32f4_discovery_accelerometer.o
    0x08000438   0x08000438   0x00000048   Code   RO         3970    i.BSP_ACCELERO_Init  stm32f4_discovery_accelerometer.o
    0x08000480   0x08000480   0x00000064   Code   RO         4049    i.BSP_LED_Init      stm32f4_discovery.o
    0x080004e4   0x080004e4   0x0000001c   Code   RO         4050    i.BSP_LED_Off       stm32f4_discovery.o
    0x08000500   0x08000500   0x0000001c   Code   RO         4051    i.BSP_LED_On        stm32f4_discovery.o
    0x0800051c   0x0800051c   0x00000018   Code   RO         4052    i.BSP_LED_Toggle    stm32f4_discovery.o
    0x08000534   0x08000534   0x00000018   Code   RO         4053    i.BSP_PB_GetState   stm32f4_discovery.o
    0x0800054c   0x0800054c   0x00000080   Code   RO         4054    i.BSP_PB_Init       stm32f4_discovery.o
    0x080005cc   0x080005cc   0x00000002   Code   RO         4591    i.BusFault_Handler  stm32f4xx_it.o
    0x080005ce   0x080005ce   0x00000002   Code   RO         4592    i.DebugMon_Handler  stm32f4xx_it.o
    0x080005d0   0x080005d0   0x00000154   Code   RO         4940    i.Demo_Exec         main.o
    0x08000724   0x08000724   0x00000006   Code   RO         4593    i.EXTI0_IRQHandler  stm32f4xx_it.o
    0x0800072a   0x0800072a   0x00000008   Code   RO         4941    i.Error_Handler     main.o
    0x08000732   0x08000732   0x00000002   PAD
    0x08000734   0x08000734   0x00000024   Code   RO         3670    i.HAL_Delay         stm32f4xx_hal.o
    0x08000758   0x08000758   0x00000010   Code   RO         4942    i.HAL_GPIO_EXTI_Callback  main.o
    0x08000768   0x08000768   0x00000018   Code   RO          602    i.HAL_GPIO_EXTI_IRQHandler  stm32f4xx_hal_gpio.o
    0x08000780   0x08000780   0x000001f0   Code   RO          603    i.HAL_GPIO_Init     stm32f4xx_hal_gpio.o
    0x08000970   0x08000970   0x0000000a   Code   RO          605    i.HAL_GPIO_ReadPin  stm32f4xx_hal_gpio.o
    0x0800097a   0x0800097a   0x00000010   Code   RO          606    i.HAL_GPIO_TogglePin  stm32f4xx_hal_gpio.o
    0x0800098a   0x0800098a   0x0000000a   Code   RO          607    i.HAL_GPIO_WritePin  stm32f4xx_hal_gpio.o
    0x08000994   0x08000994   0x0000000c   Code   RO         3675    i.HAL_GetREVID      stm32f4xx_hal.o
    0x080009a0   0x080009a0   0x0000000c   Code   RO         3676    i.HAL_GetTick       stm32f4xx_hal.o
    0x080009ac   0x080009ac   0x00000010   Code   RO         3682    i.HAL_IncTick       stm32f4xx_hal.o
    0x080009bc   0x080009bc   0x0000002c   Code   RO         3683    i.HAL_Init          stm32f4xx_hal.o
    0x080009e8   0x080009e8   0x00000040   Code   RO         3684    i.HAL_InitTick      stm32f4xx_hal.o
    0x08000a28   0x08000a28   0x00000002   Code   RO         3686    i.HAL_MspInit       stm32f4xx_hal.o
    0x08000a2a   0x08000a2a   0x0000001a   Code   RO          447    i.HAL_NVIC_EnableIRQ  stm32f4xx_hal_cortex.o
    0x08000a44   0x08000a44   0x00000040   Code   RO          453    i.HAL_NVIC_SetPriority  stm32f4xx_hal_cortex.o
    0x08000a84   0x08000a84   0x00000024   Code   RO          454    i.HAL_NVIC_SetPriorityGrouping  stm32f4xx_hal_cortex.o
    0x08000aa8   0x08000aa8   0x00000002   Code   RO         1522    i.HAL_PCDEx_LPM_Callback  stm32f4xx_hal_pcd_ex.o
    0x08000aaa   0x08000aaa   0x00000008   Code   RO         1523    i.HAL_PCDEx_SetRxFiFo  stm32f4xx_hal_pcd_ex.o
    0x08000ab2   0x08000ab2   0x00000044   Code   RO         1524    i.HAL_PCDEx_SetTxFiFo  stm32f4xx_hal_pcd_ex.o
    0x08000af6   0x08000af6   0x00000008   Code   RO         4679    i.HAL_PCD_ConnectCallback  usbd_conf.o
    0x08000afe   0x08000afe   0x00000012   Code   RO         4680    i.HAL_PCD_DataInStageCallback  usbd_conf.o
    0x08000b10   0x08000b10   0x00000014   Code   RO         4681    i.HAL_PCD_DataOutStageCallback  usbd_conf.o
    0x08000b24   0x08000b24   0x00000026   Code   RO         1180    i.HAL_PCD_DeInit    stm32f4xx_hal_pcd.o
    0x08000b4a   0x08000b4a   0x00000008   Code   RO         4682    i.HAL_PCD_DisconnectCallback  usbd_conf.o
    0x08000b52   0x08000b52   0x0000001e   Code   RO         1184    i.HAL_PCD_EP_Abort  stm32f4xx_hal_pcd.o
    0x08000b70   0x08000b70   0x0000004a   Code   RO         1185    i.HAL_PCD_EP_Close  stm32f4xx_hal_pcd.o
    0x08000bba   0x08000bba   0x0000005a   Code   RO         1186    i.HAL_PCD_EP_ClrStall  stm32f4xx_hal_pcd.o
    0x08000c14   0x08000c14   0x0000005e   Code   RO         1189    i.HAL_PCD_EP_Open   stm32f4xx_hal_pcd.o
    0x08000c72   0x08000c72   0x00000038   Code   RO         1190    i.HAL_PCD_EP_Receive  stm32f4xx_hal_pcd.o
    0x08000caa   0x08000caa   0x00000072   Code   RO         1191    i.HAL_PCD_EP_SetStall  stm32f4xx_hal_pcd.o
    0x08000d1c   0x08000d1c   0x00000032   Code   RO         1192    i.HAL_PCD_EP_Transmit  stm32f4xx_hal_pcd.o
    0x08000d4e   0x08000d4e   0x00000002   PAD
    0x08000d50   0x08000d50   0x0000055c   Code   RO         1194    i.HAL_PCD_IRQHandler  stm32f4xx_hal_pcd.o
    0x080012ac   0x080012ac   0x00000008   Code   RO         4683    i.HAL_PCD_ISOINIncompleteCallback  usbd_conf.o
    0x080012b4   0x080012b4   0x00000008   Code   RO         4684    i.HAL_PCD_ISOOUTIncompleteCallback  usbd_conf.o
    0x080012bc   0x080012bc   0x000000cc   Code   RO         1197    i.HAL_PCD_Init      stm32f4xx_hal_pcd.o
    0x08001388   0x08001388   0x00000018   Code   RO         4685    i.HAL_PCD_MspDeInit  usbd_conf.o
    0x080013a0   0x080013a0   0x000000a0   Code   RO         4686    i.HAL_PCD_MspInit   usbd_conf.o
    0x08001440   0x08001440   0x00000020   Code   RO         4687    i.HAL_PCD_ResetCallback  usbd_conf.o
    0x08001460   0x08001460   0x00000008   Code   RO         4688    i.HAL_PCD_ResumeCallback  usbd_conf.o
    0x08001468   0x08001468   0x00000008   Code   RO         4689    i.HAL_PCD_SOFCallback  usbd_conf.o
    0x08001470   0x08001470   0x00000026   Code   RO         1203    i.HAL_PCD_SetAddress  stm32f4xx_hal_pcd.o
    0x08001496   0x08001496   0x0000000e   Code   RO         4690    i.HAL_PCD_SetupStageCallback  usbd_conf.o
    0x080014a4   0x080014a4   0x00000042   Code   RO         1206    i.HAL_PCD_Start     stm32f4xx_hal_pcd.o
    0x080014e6   0x080014e6   0x0000004a   Code   RO         1207    i.HAL_PCD_Stop      stm32f4xx_hal_pcd.o
    0x08001530   0x08001530   0x00000008   Code   RO         4691    i.HAL_PCD_SuspendCallback  usbd_conf.o
    0x08001538   0x08001538   0x00000134   Code   RO         3508    i.HAL_RCC_ClockConfig  stm32f4xx_hal_rcc.o
    0x0800166c   0x0800166c   0x0000000c   Code   RO         3513    i.HAL_RCC_GetHCLKFreq  stm32f4xx_hal_rcc.o
    0x08001678   0x08001678   0x00000060   Code   RO         3517    i.HAL_RCC_GetSysClockFreq  stm32f4xx_hal_rcc.o
    0x080016d8   0x080016d8   0x0000036c   Code   RO         3520    i.HAL_RCC_OscConfig  stm32f4xx_hal_rcc.o
    0x08001a44   0x08001a44   0x0000002e   Code   RO         2407    i.HAL_SPI_DeInit    stm32f4xx_hal_spi.o
    0x08001a72   0x08001a72   0x00000006   Code   RO         2410    i.HAL_SPI_GetState  stm32f4xx_hal_spi.o
    0x08001a78   0x08001a78   0x000000ca   Code   RO         2412    i.HAL_SPI_Init      stm32f4xx_hal_spi.o
    0x08001b42   0x08001b42   0x00000002   Code   RO         2413    i.HAL_SPI_MspDeInit  stm32f4xx_hal_spi.o
    0x08001b44   0x08001b44   0x00000002   Code   RO         2414    i.HAL_SPI_MspInit   stm32f4xx_hal_spi.o
    0x08001b46   0x08001b46   0x000002a6   Code   RO         2421    i.HAL_SPI_TransmitReceive  stm32f4xx_hal_spi.o
    0x08001dec   0x08001dec   0x00000160   Code   RO         4943    i.HAL_SYSTICK_Callback  main.o
    0x08001f4c   0x08001f4c   0x00000028   Code   RO          458    i.HAL_SYSTICK_Config  stm32f4xx_hal_cortex.o
    0x08001f74   0x08001f74   0x00000008   Code   RO          459    i.HAL_SYSTICK_IRQHandler  stm32f4xx_hal_cortex.o
    0x08001f7c   0x08001f7c   0x000000cc   Code   RO         1655    i.HAL_TIM_PWM_ConfigChannel  stm32f4xx_hal_tim.o
    0x08002048   0x08002048   0x0000005c   Code   RO         1656    i.HAL_TIM_PWM_DeInit  stm32f4xx_hal_tim.o
    0x080020a4   0x080020a4   0x0000005a   Code   RO         1658    i.HAL_TIM_PWM_Init  stm32f4xx_hal_tim.o
    0x080020fe   0x080020fe   0x00000002   PAD
    0x08002100   0x08002100   0x00000018   Code   RO         4533    i.HAL_TIM_PWM_MspDeInit  stm32f4xx_hal_msp.o
    0x08002118   0x08002118   0x00000054   Code   RO         4534    i.HAL_TIM_PWM_MspInit  stm32f4xx_hal_msp.o
    0x0800216c   0x0800216c   0x000000c8   Code   RO         1663    i.HAL_TIM_PWM_Start  stm32f4xx_hal_tim.o
    0x08002234   0x08002234   0x0000007c   Code   RO         1666    i.HAL_TIM_PWM_Stop  stm32f4xx_hal_tim.o
    0x080022b0   0x080022b0   0x00000002   Code   RO         4594    i.HardFault_Handler  stm32f4xx_it.o
    0x080022b2   0x080022b2   0x0000001e   Code   RO           89    i.LIS302DL_Click_IntClear  lis302dl.o
    0x080022d0   0x080022d0   0x000000a4   Code   RO           90    i.LIS302DL_Click_IntConfig  lis302dl.o
    0x08002374   0x08002374   0x00000002   Code   RO           92    i.LIS302DL_DeInit   lis302dl.o
    0x08002376   0x08002376   0x0000002e   Code   RO           93    i.LIS302DL_FilterConfig  lis302dl.o
    0x080023a4   0x080023a4   0x0000001e   Code   RO           95    i.LIS302DL_Init     lis302dl.o
    0x080023c2   0x080023c2   0x0000002e   Code   RO           96    i.LIS302DL_InterruptConfig  lis302dl.o
    0x080023f0   0x080023f0   0x00000068   Code   RO           98    i.LIS302DL_ReadACC  lis302dl.o
    0x08002458   0x08002458   0x0000001c   Code   RO           99    i.LIS302DL_ReadID   lis302dl.o
    0x08002474   0x08002474   0x00000024   Code   RO          100    i.LIS302DL_RebootCmd  lis302dl.o
    0x08002498   0x08002498   0x000000d2   Code   RO           10    i.LIS3DSH_Click_IntConfig  lis3dsh.o
    0x0800256a   0x0800256a   0x00000002   Code   RO           12    i.LIS3DSH_DeInit    lis3dsh.o
    0x0800256c   0x0800256c   0x0000002e   Code   RO           14    i.LIS3DSH_Init      lis3dsh.o
    0x0800259a   0x0800259a   0x0000004c   Code   RO           15    i.LIS3DSH_InterruptConfig  lis3dsh.o
    0x080025e6   0x080025e6   0x00000002   PAD
    0x080025e8   0x080025e8   0x000000dc   Code   RO           17    i.LIS3DSH_ReadACC   lis3dsh.o
    0x080026c4   0x080026c4   0x0000001c   Code   RO           18    i.LIS3DSH_ReadID    lis3dsh.o
    0x080026e0   0x080026e0   0x00000024   Code   RO           19    i.LIS3DSH_RebootCmd  lis3dsh.o
    0x08002704   0x08002704   0x00000002   Code   RO         4595    i.MemManage_Handler  stm32f4xx_it.o
    0x08002706   0x08002706   0x00000002   Code   RO         4596    i.NMI_Handler       stm32f4xx_it.o
    0x08002708   0x08002708   0x0000000c   Code   RO         4597    i.OTG_FS_IRQHandler  stm32f4xx_it.o
    0x08002714   0x08002714   0x000000cc   Code   RO         1210    i.PCD_EP_OutXfrComplete_int  stm32f4xx_hal_pcd.o
    0x080027e0   0x080027e0   0x000000a2   Code   RO         1211    i.PCD_WriteEmptyTxFifo  stm32f4xx_hal_pcd.o
    0x08002882   0x08002882   0x00000002   Code   RO         4598    i.PendSV_Handler    stm32f4xx_it.o
    0x08002884   0x08002884   0x0000006c   Code   RO         2452    i.SPI_EndRxTxTransaction  stm32f4xx_hal_spi.o
    0x080028f0   0x080028f0   0x000000b8   Code   RO         2459    i.SPI_WaitFlagStateUntilTimeout  stm32f4xx_hal_spi.o
    0x080029a8   0x080029a8   0x00000098   Code   RO         4058    i.SPIx_Init         stm32f4_discovery.o
    0x08002a40   0x08002a40   0x00000038   Code   RO         4059    i.SPIx_WriteRead    stm32f4_discovery.o
    0x08002a78   0x08002a78   0x00000002   Code   RO         4599    i.SVC_Handler       stm32f4xx_it.o
    0x08002a7a   0x08002a7a   0x0000000a   Code   RO         4362    i.SWAPBYTE          usbd_ctlreq.o
    0x08002a84   0x08002a84   0x0000000e   Code   RO         4600    i.SysTick_Handler   stm32f4xx_it.o
    0x08002a92   0x08002a92   0x00000002   PAD
    0x08002a94   0x08002a94   0x0000008c   Code   RO         4944    i.SystemClock_Config  main.o
    0x08002b20   0x08002b20   0x00000054   Code   RO         4496    i.SystemInit        system_stm32f4xx.o
    0x08002b74   0x08002b74   0x00000094   Code   RO         4945    i.TIM4_Config       main.o
    0x08002c08   0x08002c08   0x000000d8   Code   RO         1676    i.TIM_Base_SetConfig  stm32f4xx_hal_tim.o
    0x08002ce0   0x08002ce0   0x0000001a   Code   RO         1677    i.TIM_CCxChannelCmd  stm32f4xx_hal_tim.o
    0x08002cfa   0x08002cfa   0x00000002   PAD
    0x08002cfc   0x08002cfc   0x00000060   Code   RO         1689    i.TIM_OC1_SetConfig  stm32f4xx_hal_tim.o
    0x08002d5c   0x08002d5c   0x0000006c   Code   RO         1690    i.TIM_OC2_SetConfig  stm32f4xx_hal_tim.o
    0x08002dc8   0x08002dc8   0x00000068   Code   RO         1691    i.TIM_OC3_SetConfig  stm32f4xx_hal_tim.o
    0x08002e30   0x08002e30   0x00000050   Code   RO         1692    i.TIM_OC4_SetConfig  stm32f4xx_hal_tim.o
    0x08002e80   0x08002e80   0x00000014   Code   RO         4178    i.USBD_ClrClassConfig  usbd_core.o
    0x08002e94   0x08002e94   0x00000004   Code   RO         4179    i.USBD_CoreFindEP   usbd_core.o
    0x08002e98   0x08002e98   0x00000004   Code   RO         4180    i.USBD_CoreFindIF   usbd_core.o
    0x08002e9c   0x08002e9c   0x00000010   Code   RO         4435    i.USBD_CtlContinueRx  usbd_ioreq.o
    0x08002eac   0x08002eac   0x00000010   Code   RO         4436    i.USBD_CtlContinueSendData  usbd_ioreq.o
    0x08002ebc   0x08002ebc   0x00000016   Code   RO         4363    i.USBD_CtlError     usbd_ctlreq.o
    0x08002ed2   0x08002ed2   0x00000016   Code   RO         4438    i.USBD_CtlReceiveStatus  usbd_ioreq.o
    0x08002ee8   0x08002ee8   0x0000001a   Code   RO         4439    i.USBD_CtlSendData  usbd_ioreq.o
    0x08002f02   0x08002f02   0x00000016   Code   RO         4440    i.USBD_CtlSendStatus  usbd_ioreq.o
    0x08002f18   0x08002f18   0x00000034   Code   RO         4181    i.USBD_DeInit       usbd_core.o
    0x08002f4c   0x08002f4c   0x000000e6   Code   RO         4364    i.USBD_GetDescriptor  usbd_ctlreq.o
    0x08003032   0x08003032   0x0000003a   Code   RO         4182    i.USBD_GetEpDesc    usbd_core.o
    0x0800306c   0x0800306c   0x0000000e   Code   RO         4183    i.USBD_GetNextDesc  usbd_core.o
    0x0800307a   0x0800307a   0x00000048   Code   RO         4365    i.USBD_GetString    usbd_ctlreq.o
    0x080030c2   0x080030c2   0x00000002   PAD
    0x080030c4   0x080030c4   0x00000020   Code   RO         4872    i.USBD_HID_ConfigStrDescriptor  usbd_desc.o
    0x080030e4   0x080030e4   0x00000014   Code   RO         5009    i.USBD_HID_DataIn   usbd_hid.o
    0x080030f8   0x080030f8   0x00000048   Code   RO         5010    i.USBD_HID_DeInit   usbd_hid.o
    0x08003140   0x08003140   0x0000000c   Code   RO         4873    i.USBD_HID_DeviceDescriptor  usbd_desc.o
    0x0800314c   0x0800314c   0x0000000c   Code   RO         5011    i.USBD_HID_GetDeviceQualifierDesc  usbd_hid.o
    0x08003158   0x08003158   0x00000020   Code   RO         5012    i.USBD_HID_GetFSCfgDesc  usbd_hid.o
    0x08003178   0x08003178   0x00000020   Code   RO         5013    i.USBD_HID_GetHSCfgDesc  usbd_hid.o
    0x08003198   0x08003198   0x00000020   Code   RO         5014    i.USBD_HID_GetOtherSpeedCfgDesc  usbd_hid.o
    0x080031b8   0x080031b8   0x00000054   Code   RO         4946    i.USBD_HID_GetPos   main.o
    0x0800320c   0x0800320c   0x00000074   Code   RO         5016    i.USBD_HID_Init     usbd_hid.o
    0x08003280   0x08003280   0x00000024   Code   RO         4874    i.USBD_HID_InterfaceStrDescriptor  usbd_desc.o
    0x080032a4   0x080032a4   0x0000000c   Code   RO         4875    i.USBD_HID_LangIDStrDescriptor  usbd_desc.o
    0x080032b0   0x080032b0   0x00000028   Code   RO         4876    i.USBD_HID_ManufacturerStrDescriptor  usbd_desc.o
    0x080032d8   0x080032d8   0x0000004c   Code   RO         4877    i.USBD_HID_ProductStrDescriptor  usbd_desc.o
    0x08003324   0x08003324   0x0000003c   Code   RO         5017    i.USBD_HID_SendReport  usbd_hid.o
    0x08003360   0x08003360   0x0000003c   Code   RO         4878    i.USBD_HID_SerialStrDescriptor  usbd_desc.o
    0x0800339c   0x0800339c   0x000000e0   Code   RO         5018    i.USBD_HID_Setup    usbd_hid.o
    0x0800347c   0x0800347c   0x00000026   Code   RO         4184    i.USBD_Init         usbd_core.o
    0x080034a2   0x080034a2   0x0000000e   Code   RO         4692    i.USBD_LL_ClearStallEP  usbd_conf.o
    0x080034b0   0x080034b0   0x0000000e   Code   RO         4693    i.USBD_LL_CloseEP   usbd_conf.o
    0x080034be   0x080034be   0x000000b6   Code   RO         4185    i.USBD_LL_DataInStage  usbd_core.o
    0x08003574   0x08003574   0x0000008e   Code   RO         4186    i.USBD_LL_DataOutStage  usbd_core.o
    0x08003602   0x08003602   0x0000000e   Code   RO         4694    i.USBD_LL_DeInit    usbd_conf.o
    0x08003610   0x08003610   0x00000004   Code   RO         4187    i.USBD_LL_DevConnected  usbd_core.o
    0x08003614   0x08003614   0x0000001e   Code   RO         4188    i.USBD_LL_DevDisconnected  usbd_core.o
    0x08003632   0x08003632   0x00000002   PAD
    0x08003634   0x08003634   0x00000060   Code   RO         4698    i.USBD_LL_Init      usbd_conf.o
    0x08003694   0x08003694   0x0000001e   Code   RO         4699    i.USBD_LL_IsStallEP  usbd_conf.o
    0x080036b2   0x080036b2   0x00000028   Code   RO         4189    i.USBD_LL_IsoINIncomplete  usbd_core.o
    0x080036da   0x080036da   0x00000028   Code   RO         4190    i.USBD_LL_IsoOUTIncomplete  usbd_core.o
    0x08003702   0x08003702   0x00000014   Code   RO         4700    i.USBD_LL_OpenEP    usbd_conf.o
    0x08003716   0x08003716   0x0000000e   Code   RO         4701    i.USBD_LL_PrepareReceive  usbd_conf.o
    0x08003724   0x08003724   0x0000005c   Code   RO         4191    i.USBD_LL_Reset     usbd_core.o
    0x08003780   0x08003780   0x00000014   Code   RO         4192    i.USBD_LL_Resume    usbd_core.o
    0x08003794   0x08003794   0x0000001a   Code   RO         4193    i.USBD_LL_SOF       usbd_core.o
    0x080037ae   0x080037ae   0x00000006   Code   RO         4194    i.USBD_LL_SetSpeed  usbd_core.o
    0x080037b4   0x080037b4   0x0000000e   Code   RO         4702    i.USBD_LL_SetUSBAddress  usbd_conf.o
    0x080037c2   0x080037c2   0x00000060   Code   RO         4195    i.USBD_LL_SetupStage  usbd_core.o
    0x08003822   0x08003822   0x0000000e   Code   RO         4703    i.USBD_LL_StallEP   usbd_conf.o
    0x08003830   0x08003830   0x0000000e   Code   RO         4704    i.USBD_LL_Start     usbd_conf.o
    0x0800383e   0x0800383e   0x0000000e   Code   RO         4705    i.USBD_LL_Stop      usbd_conf.o
    0x0800384c   0x0800384c   0x0000001a   Code   RO         4196    i.USBD_LL_Suspend   usbd_core.o
    0x08003866   0x08003866   0x0000000e   Code   RO         4706    i.USBD_LL_Transmit  usbd_conf.o
    0x08003874   0x08003874   0x0000002c   Code   RO         4366    i.USBD_ParseSetupRequest  usbd_ctlreq.o
    0x080038a0   0x080038a0   0x0000003a   Code   RO         4197    i.USBD_RegisterClass  usbd_core.o
    0x080038da   0x080038da   0x00000014   Code   RO         4199    i.USBD_SetClassConfig  usbd_core.o
    0x080038ee   0x080038ee   0x00000002   PAD
    0x080038f0   0x080038f0   0x000000b8   Code   RO         4367    i.USBD_SetConfig    usbd_ctlreq.o
    0x080039a8   0x080039a8   0x00000004   Code   RO         4200    i.USBD_Start        usbd_core.o
    0x080039ac   0x080039ac   0x0000012c   Code   RO         4368    i.USBD_StdDevReq    usbd_ctlreq.o
    0x08003ad8   0x08003ad8   0x00000160   Code   RO         4369    i.USBD_StdEPReq     usbd_ctlreq.o
    0x08003c38   0x08003c38   0x00000072   Code   RO         4370    i.USBD_StdItfReq    usbd_ctlreq.o
    0x08003caa   0x08003caa   0x0000001a   Code   RO         4201    i.USBD_Stop         usbd_core.o
    0x08003cc4   0x08003cc4   0x00000080   Code   RO         3029    i.USB_ActivateEndpoint  stm32f4xx_ll_usb.o
    0x08003d44   0x08003d44   0x0000001c   Code   RO         3031    i.USB_ActivateSetup  stm32f4xx_ll_usb.o
    0x08003d60   0x08003d60   0x00000084   Code   RO         3033    i.USB_CoreInit      stm32f4xx_ll_usb.o
    0x08003de4   0x08003de4   0x0000003c   Code   RO         3034    i.USB_CoreReset     stm32f4xx_ll_usb.o
    0x08003e20   0x08003e20   0x000000cc   Code   RO         3037    i.USB_DeactivateEndpoint  stm32f4xx_ll_usb.o
    0x08003eec   0x08003eec   0x0000001c   Code   RO         3038    i.USB_DevConnect    stm32f4xx_ll_usb.o
    0x08003f08   0x08003f08   0x0000001c   Code   RO         3039    i.USB_DevDisconnect  stm32f4xx_ll_usb.o
    0x08003f24   0x08003f24   0x0000017c   Code   RO         3040    i.USB_DevInit       stm32f4xx_ll_usb.o
    0x080040a0   0x080040a0   0x0000000c   Code   RO         3041    i.USB_DisableGlobalInt  stm32f4xx_ll_usb.o
    0x080040ac   0x080040ac   0x00000058   Code   RO         3044    i.USB_EP0_OutStart  stm32f4xx_ll_usb.o
    0x08004104   0x08004104   0x00000058   Code   RO         3045    i.USB_EPClearStall  stm32f4xx_ll_usb.o
    0x0800415c   0x0800415c   0x00000058   Code   RO         3046    i.USB_EPSetStall    stm32f4xx_ll_usb.o
    0x080041b4   0x080041b4   0x00000230   Code   RO         3047    i.USB_EPStartXfer   stm32f4xx_ll_usb.o
    0x080043e4   0x080043e4   0x0000009e   Code   RO         3048    i.USB_EPStopXfer    stm32f4xx_ll_usb.o
    0x08004482   0x08004482   0x0000000c   Code   RO         3049    i.USB_EnableGlobalInt  stm32f4xx_ll_usb.o
    0x0800448e   0x0800448e   0x00000038   Code   RO         3050    i.USB_FlushRxFifo   stm32f4xx_ll_usb.o
    0x080044c6   0x080044c6   0x0000003c   Code   RO         3051    i.USB_FlushTxFifo   stm32f4xx_ll_usb.o
    0x08004502   0x08004502   0x0000001a   Code   RO         3053    i.USB_GetDevSpeed   stm32f4xx_ll_usb.o
    0x0800451c   0x0800451c   0x00000008   Code   RO         3055    i.USB_GetMode       stm32f4xx_ll_usb.o
    0x08004524   0x08004524   0x0000000e   Code   RO         3063    i.USB_ReadDevAllInEpInterrupt  stm32f4xx_ll_usb.o
    0x08004532   0x08004532   0x0000000e   Code   RO         3064    i.USB_ReadDevAllOutEpInterrupt  stm32f4xx_ll_usb.o
    0x08004540   0x08004540   0x00000024   Code   RO         3065    i.USB_ReadDevInEPInterrupt  stm32f4xx_ll_usb.o
    0x08004564   0x08004564   0x00000010   Code   RO         3066    i.USB_ReadDevOutEPInterrupt  stm32f4xx_ll_usb.o
    0x08004574   0x08004574   0x00000008   Code   RO         3067    i.USB_ReadInterrupts  stm32f4xx_ll_usb.o
    0x0800457c   0x0800457c   0x0000003e   Code   RO         3068    i.USB_ReadPacket    stm32f4xx_ll_usb.o
    0x080045ba   0x080045ba   0x0000005c   Code   RO         3070    i.USB_SetCurrentMode  stm32f4xx_ll_usb.o
    0x08004616   0x08004616   0x00000022   Code   RO         3071    i.USB_SetDevAddress  stm32f4xx_ll_usb.o
    0x08004638   0x08004638   0x000000e8   Code   RO         3073    i.USB_SetTurnaroundTime  stm32f4xx_ll_usb.o
    0x08004720   0x08004720   0x00000044   Code   RO         3074    i.USB_StopDevice    stm32f4xx_ll_usb.o
    0x08004764   0x08004764   0x00000028   Code   RO         3076    i.USB_WritePacket   stm32f4xx_ll_usb.o
    0x0800478c   0x0800478c   0x00000002   Code   RO         4601    i.UsageFault_Handler  stm32f4xx_it.o
    0x0800478e   0x0800478e   0x00000020   Code   RO          460    i.__NVIC_SetPriority  stm32f4xx_hal_cortex.o
    0x080047ae   0x080047ae   0x0000000e   Code   RO         5144    i.__scatterload_copy  mc_w.l(handlers.o)
    0x080047bc   0x080047bc   0x00000002   Code   RO         5145    i.__scatterload_null  mc_w.l(handlers.o)
    0x080047be   0x080047be   0x0000000e   Code   RO         5146    i.__scatterload_zeroinit  mc_w.l(handlers.o)
    0x080047cc   0x080047cc   0x00000050   Code   RO         5088    i.free              mc_w.l(malloc.o)
    0x0800481c   0x0800481c   0x0000002c   Code   RO         4947    i.main              main.o
    0x08004848   0x08004848   0x0000006c   Code   RO         5089    i.malloc            mc_w.l(malloc.o)
    0x080048b4   0x080048b4   0x0000000c   Data   RO         4061    .constdata          stm32f4_discovery.o
    0x080048c0   0x080048c0   0x00000010   Data   RO         4497    .constdata          system_stm32f4xx.o
    0x080048d0   0x080048d0   0x00000020   Data   RO         5142    Region$$Table       anon$$obj.o


    Execution Region RW_IRAM1 (Exec base: 0x20000000, Load base: 0x080048f0, Size: 0x00001188, Max: 0x00020000, ABSOLUTE, COMPRESSED[0x00000110])

    Exec Addr    Load Addr    Size         Type   Attr      Idx    E Section Name        Object

    0x20000000   COMPRESSED   0x00000034   Data   RW           20    .data               lis3dsh.o
    0x20000034   COMPRESSED   0x00000034   Data   RW          101    .data               lis302dl.o
    0x20000068   COMPRESSED   0x0000000c   Data   RW         3690    .data               stm32f4xx_hal.o
    0x20000074   COMPRESSED   0x00000004   Data   RW         3973    .data               stm32f4_discovery_accelerometer.o
    0x20000078   COMPRESSED   0x0000001c   Data   RW         4062    .data               stm32f4_discovery.o
    0x20000094   COMPRESSED   0x00000001   Data   RW         4371    .data               usbd_ctlreq.o
    0x20000095   COMPRESSED   0x00000003   PAD
    0x20000098   COMPRESSED   0x00000004   Data   RW         4499    .data               system_stm32f4xx.o
    0x2000009c   COMPRESSED   0x0000001c   Data   RW         4880    .data               usbd_desc.o
    0x200000b8   COMPRESSED   0x00000016   Data   RW         4881    .data               usbd_desc.o
    0x200000ce   COMPRESSED   0x0000001a   Data   RW         4949    .data               main.o
    0x200000e8   COMPRESSED   0x00000038   Data   RW         5019    .data               usbd_hid.o
    0x20000120   COMPRESSED   0x0000008a   Data   RW         5020    .data               usbd_hid.o
    0x200001aa   COMPRESSED   0x00000002   PAD
    0x200001ac   COMPRESSED   0x00000004   Data   RW         5138    .data               mc_w.l(mvars.o)
    0x200001b0   COMPRESSED   0x00000004   Data   RW         5139    .data               mc_w.l(mvars.o)
    0x200001b4        -       0x000000ac   Zero   RW         4060    .bss                stm32f4_discovery.o
    0x20000260        -       0x000004e4   Zero   RW         4707    .bss                usbd_conf.o
    0x20000744        -       0x00000100   Zero   RW         4879    .bss                usbd_desc.o
    0x20000844        -       0x00000340   Zero   RW         4948    .bss                main.o
    0x20000b84   COMPRESSED   0x00000004   PAD
    0x20000b88        -       0x00000200   Zero   RW            2    HEAP                startup_stm32f407xx.o
    0x20000d88        -       0x00000400   Zero   RW            1    STACK               startup_stm32f407xx.o


==============================================================================

Image component sizes


      Code (inc. data)   RO Data    RW Data    ZI Data      Debug   Object Name

       486          0          0         52          0      11758   lis302dl.o
       618         22          0         52          0      17020   lis3dsh.o
      1132         84          0         26        832      36467   main.o
        36          8        392          0       1536        868   startup_stm32f407xx.o
       840        118         12         28        172      10408   stm32f4_discovery.o
       120         24          0          4          0      17489   stm32f4_discovery_accelerometer.o
       186         32          0         12          0      10938   stm32f4xx_hal.o
       206         14          0          0          0      34848   stm32f4xx_hal_cortex.o
       556         52          0          0          0       4423   stm32f4xx_hal_gpio.o
         0          0          0          0          0     699644   stm32f4xx_hal_hash.o
       108         14          0          0          0       1530   stm32f4xx_hal_msp.o
      2666         12          0          0          0      15148   stm32f4xx_hal_pcd.o
        78          0          0          0          0       2605   stm32f4xx_hal_pcd_ex.o
      1292         54          0          0          0       4786   stm32f4xx_hal_rcc.o
      1228         14          0          0          0       7955   stm32f4xx_hal_spi.o
      1340        120          0          0          0      10490   stm32f4xx_hal_tim.o
        48          6          0          0          0       5377   stm32f4xx_it.o
      2760        116          0          0          0      25549   stm32f4xx_ll_usb.o
        84         18         16          4          0       1259   system_stm32f4xx.o
       596         22          0          0       1252      45674   usbd_conf.o
      1002          0          0          0          0      23813   usbd_core.o
      1328         28          0          1          0      15444   usbd_ctlreq.o
       268        156          0         50        256       5696   usbd_desc.o
       600         46          0        194          0       9301   usbd_hid.o
       102          0          0          0          0       4116   usbd_ioreq.o

    ----------------------------------------------------------------------
     17698        960        452        428       4052    1022606   Object Totals
         0          0         32          0          0          0   (incl. Generated)
        18          0          0          5          4          0   (incl. Padding)

    ----------------------------------------------------------------------

      Code (inc. data)   RO Data    RW Data    ZI Data      Debug   Library Member Name

        86          0          0          0          0          0   __dczerorl2.o
         0          0          0          0          0          0   entry.o
         0          0          0          0          0          0   entry10a.o
         0          0          0          0          0          0   entry11a.o
         8          4          0          0          0          0   entry2.o
         4          0          0          0          0          0   entry5.o
         0          0          0          0          0          0   entry7b.o
         0          0          0          0          0          0   entry8b.o
         8          4          0          0          0          0   entry9a.o
        30          0          0          0          0          0   handlers.o
        36          8          0          0          0         68   init.o
        30          0          0          0          0         68   llshl.o
        32          0          0          0          0         68   llushr.o
       188         20          0          0          0        160   malloc.o
         0          0          0          8          0          0   mvars.o
        98          0          0          0          0         92   uldiv.o

    ----------------------------------------------------------------------
       522         36          0          8          0        456   Library Totals
         2          0          0          0          0          0   (incl. Padding)

    ----------------------------------------------------------------------

      Code (inc. data)   RO Data    RW Data    ZI Data      Debug   Library Name

       520         36          0          8          0        456   mc_w.l

    ----------------------------------------------------------------------
       522         36          0          8          0        456   Library Totals

    ----------------------------------------------------------------------

==============================================================================


      Code (inc. data)   RO Data    RW Data    ZI Data      Debug   

     18220        996        452        436       4052    1001990   Grand Totals
     18220        996        452        272       4052    1001990   ELF Image Totals (compressed)
     18220        996        452        272          0          0   ROM Totals

==============================================================================

    Total RO  Size (Code + RO Data)                18672 (  18.23kB)
    Total RW  Size (RW Data + ZI Data)              4488 (   4.38kB)
    Total ROM Size (Code + RO Data + RW Data)      18944 (  18.50kB)

==============================================================================

